Component: ARM Compiler 5.06 update 4 (build 422) Tool: armlink [4d35d2]

==============================================================================

Section Cross References

    startup_stm32f10x_md.o(STACK) refers (Special) to heapauxi.o(.text) for __use_two_region_memory
    startup_stm32f10x_md.o(HEAP) refers (Special) to heapauxi.o(.text) for __use_two_region_memory
    startup_stm32f10x_md.o(RESET) refers (Special) to heapauxi.o(.text) for __use_two_region_memory
    startup_stm32f10x_md.o(RESET) refers to startup_stm32f10x_md.o(STACK) for __initial_sp
    startup_stm32f10x_md.o(RESET) refers to startup_stm32f10x_md.o(.text) for Reset_Handler
    startup_stm32f10x_md.o(RESET) refers to stm32f10x_it.o(i.NMI_Handler) for NMI_Handler
    startup_stm32f10x_md.o(RESET) refers to stm32f10x_it.o(i.HardFault_Handler) for HardFault_Handler
    startup_stm32f10x_md.o(RESET) refers to stm32f10x_it.o(i.MemManage_Handler) for MemManage_Handler
    startup_stm32f10x_md.o(RESET) refers to stm32f10x_it.o(i.BusFault_Handler) for BusFault_Handler
    startup_stm32f10x_md.o(RESET) refers to stm32f10x_it.o(i.UsageFault_Handler) for UsageFault_Handler
    startup_stm32f10x_md.o(RESET) refers to stm32f10x_it.o(i.SVC_Handler) for SVC_Handler
    startup_stm32f10x_md.o(RESET) refers to stm32f10x_it.o(i.DebugMon_Handler) for DebugMon_Handler
    startup_stm32f10x_md.o(RESET) refers to stm32f10x_it.o(i.PendSV_Handler) for PendSV_Handler
    startup_stm32f10x_md.o(RESET) refers to stm32f10x_it.o(i.SysTick_Handler) for SysTick_Handler
    startup_stm32f10x_md.o(RESET) refers to serial.o(i.USART1_IRQHandler) for USART1_IRQHandler
    startup_stm32f10x_md.o(RESET) refers to serial.o(i.USART2_IRQHandler) for USART2_IRQHandler
    startup_stm32f10x_md.o(.text) refers (Special) to heapauxi.o(.text) for __use_two_region_memory
    startup_stm32f10x_md.o(.text) refers to system_stm32f10x.o(i.SystemInit) for SystemInit
    startup_stm32f10x_md.o(.text) refers to __main.o(!!!main) for __main
    startup_stm32f10x_md.o(.text) refers to startup_stm32f10x_md.o(HEAP) for Heap_Mem
    startup_stm32f10x_md.o(.text) refers to startup_stm32f10x_md.o(STACK) for Stack_Mem
    system_stm32f10x.o(i.SetSysClock) refers to system_stm32f10x.o(i.SetSysClockTo72) for SetSysClockTo72
    system_stm32f10x.o(i.SystemCoreClockUpdate) refers to system_stm32f10x.o(.data) for SystemCoreClock
    system_stm32f10x.o(i.SystemInit) refers to system_stm32f10x.o(i.SetSysClock) for SetSysClock
    stm32f10x_adc.o(i.ADC_DeInit) refers to stm32f10x_rcc.o(i.RCC_APB2PeriphResetCmd) for RCC_APB2PeriphResetCmd
    stm32f10x_bkp.o(i.BKP_DeInit) refers to stm32f10x_rcc.o(i.RCC_BackupResetCmd) for RCC_BackupResetCmd
    stm32f10x_can.o(i.CAN_DeInit) refers to stm32f10x_rcc.o(i.RCC_APB1PeriphResetCmd) for RCC_APB1PeriphResetCmd
    stm32f10x_can.o(i.CAN_GetITStatus) refers to stm32f10x_can.o(i.CheckITStatus) for CheckITStatus
    stm32f10x_cec.o(i.CEC_DeInit) refers to stm32f10x_rcc.o(i.RCC_APB1PeriphResetCmd) for RCC_APB1PeriphResetCmd
    stm32f10x_dac.o(i.DAC_DeInit) refers to stm32f10x_rcc.o(i.RCC_APB1PeriphResetCmd) for RCC_APB1PeriphResetCmd
    stm32f10x_flash.o(i.FLASH_EnableWriteProtection) refers to stm32f10x_flash.o(i.FLASH_WaitForLastOperation) for FLASH_WaitForLastOperation
    stm32f10x_flash.o(i.FLASH_EraseAllBank1Pages) refers to stm32f10x_flash.o(i.FLASH_WaitForLastBank1Operation) for FLASH_WaitForLastBank1Operation
    stm32f10x_flash.o(i.FLASH_EraseAllPages) refers to stm32f10x_flash.o(i.FLASH_WaitForLastOperation) for FLASH_WaitForLastOperation
    stm32f10x_flash.o(i.FLASH_EraseOptionBytes) refers to stm32f10x_flash.o(i.FLASH_GetReadOutProtectionStatus) for FLASH_GetReadOutProtectionStatus
    stm32f10x_flash.o(i.FLASH_EraseOptionBytes) refers to stm32f10x_flash.o(i.FLASH_WaitForLastOperation) for FLASH_WaitForLastOperation
    stm32f10x_flash.o(i.FLASH_ErasePage) refers to stm32f10x_flash.o(i.FLASH_WaitForLastOperation) for FLASH_WaitForLastOperation
    stm32f10x_flash.o(i.FLASH_ProgramHalfWord) refers to stm32f10x_flash.o(i.FLASH_WaitForLastOperation) for FLASH_WaitForLastOperation
    stm32f10x_flash.o(i.FLASH_ProgramOptionByteData) refers to stm32f10x_flash.o(i.FLASH_WaitForLastOperation) for FLASH_WaitForLastOperation
    stm32f10x_flash.o(i.FLASH_ProgramWord) refers to stm32f10x_flash.o(i.FLASH_WaitForLastOperation) for FLASH_WaitForLastOperation
    stm32f10x_flash.o(i.FLASH_ReadOutProtection) refers to stm32f10x_flash.o(i.FLASH_WaitForLastOperation) for FLASH_WaitForLastOperation
    stm32f10x_flash.o(i.FLASH_UserOptionByteConfig) refers to stm32f10x_flash.o(i.FLASH_WaitForLastOperation) for FLASH_WaitForLastOperation
    stm32f10x_flash.o(i.FLASH_WaitForLastBank1Operation) refers to stm32f10x_flash.o(i.FLASH_GetBank1Status) for FLASH_GetBank1Status
    stm32f10x_flash.o(i.FLASH_WaitForLastOperation) refers to stm32f10x_flash.o(i.FLASH_GetBank1Status) for FLASH_GetBank1Status
[...]
    case_insensitive_strcmp                  0x08004599   Thumb Code    72  cjson.o(i.case_insensitive_strcmp)
    i.frexp                                  0x080045e0   Section        0  frexp.o(i.frexp)
    i.get_decimal_point                      0x08004638   Section        0  cjson.o(i.get_decimal_point)
    get_decimal_point                        0x08004639   Thumb Code     4  cjson.o(i.get_decimal_point)
    i.get_object_item                        0x0800463c   Section        0  cjson.o(i.get_object_item)
    get_object_item                          0x0800463d   Thumb Code    82  cjson.o(i.get_object_item)
    i.handle_mqtt_message                    0x08004690   Section        0  esp8266-01s.o(i.handle_mqtt_message)
    i.ldexp                                  0x08004700   Section        0  ldexp.o(i.ldexp)
    i.main                                   0x08004774   Section        0  main.o(i.main)
    i.my_printf                              0x0800483c   Section        0  serial.o(i.my_printf)
    i.parse_array                            0x08004870   Section        0  cjson.o(i.parse_array)
    parse_array                              0x08004871   Thumb Code   248  cjson.o(i.parse_array)
    i.parse_control_command                  0x08004968   Section        0  json_parser.o(i.parse_control_command)
    i.parse_dim_command                      0x080049f4   Section        0  json_parser.o(i.parse_dim_command)
    i.parse_hex4                             0x08004b68   Section        0  cjson.o(i.parse_hex4)
    parse_hex4                               0x08004b69   Thumb Code    90  cjson.o(i.parse_hex4)
    i.parse_number                           0x08004bc4   Section        0  cjson.o(i.parse_number)
    parse_number                             0x08004bc5   Thumb Code   354  cjson.o(i.parse_number)
    i.parse_object                           0x08004d34   Section        0  cjson.o(i.parse_object)
    parse_object                             0x08004d35   Thumb Code   332  cjson.o(i.parse_object)
    i.parse_status_command                   0x08004e80   Section        0  json_parser.o(i.parse_status_command)
    i.parse_string                           0x0800525c   Section        0  cjson.o(i.parse_string)
    parse_string                             0x0800525d   Thumb Code   398  cjson.o(i.parse_string)
    i.parse_switch_command                   0x080053ec   Section        0  json_parser.o(i.parse_switch_command)
    i.parse_value                            0x08005564   Section        0  cjson.o(i.parse_value)
    parse_value                              0x08005565   Thumb Code   290  cjson.o(i.parse_value)
    i.skip_utf8_bom                          0x080056a0   Section        0  cjson.o(i.skip_utf8_bom)
    skip_utf8_bom                            0x080056a1   Thumb Code    56  cjson.o(i.skip_utf8_bom)
    i.strtod                                 0x080056dc   Section        0  strtod.o(i.strtod)
    i.utf16_literal_to_utf8                  0x080056f8   Section        0  cjson.o(i.utf16_literal_to_utf8)
    utf16_literal_to_utf8                    0x080056f9   Thumb Code   300  cjson.o(i.utf16_literal_to_utf8)
    locale$$code                             0x08005824   Section       44  lc_ctype_c.o(locale$$code)
    locale$$code                             0x08005850   Section       44  lc_numeric_c.o(locale$$code)
    x$fpl$d2f                                0x0800587c   Section       98  d2f.o(x$fpl$d2f)
    x$fpl$dcheck1                            0x080058e0   Section       16  dcheck1.o(x$fpl$dcheck1)
    x$fpl$dcmpinf                            0x080058f0   Section       24  dcmpi.o(x$fpl$dcmpinf)
    x$fpl$deqf                               0x08005908   Section      120  deqf.o(x$fpl$deqf)
    x$fpl$dfix                               0x08005980   Section       94  dfix.o(x$fpl$dfix)
    x$fpl$dleqf                              0x080059e0   Section      120  dleqf.o(x$fpl$dleqf)
    x$fpl$dnaninf                            0x08005a58   Section      156  dnaninf.o(x$fpl$dnaninf)
    x$fpl$drleqf                             0x08005af4   Section      108  drleqf.o(x$fpl$drleqf)
    x$fpl$fretinf                            0x08005b60   Section       10  fretinf.o(x$fpl$fretinf)
    x$fpl$printf1                            0x08005b6a   Section        4  printf1.o(x$fpl$printf1)
    x$fpl$printf2                            0x08005b6e   Section        4  printf2.o(x$fpl$printf2)
    x$fpl$retnan                             0x08005b72   Section      100  retnan.o(x$fpl$retnan)
    x$fpl$scalbn                             0x08005bd6   Section       92  scalbn.o(x$fpl$scalbn)
    x$fpl$scanf1                             0x08005c32   Section        4  scanf1.o(x$fpl$scanf1)
    x$fpl$scanf2                             0x08005c36   Section        8  scanf2.o(x$fpl$scanf2)
    x$fpl$trapveneer                         0x08005c3e   Section       48  trapv.o(x$fpl$trapveneer)
    .constdata                               0x08005c6e   Section       40  _printf_hex_int_ll_ptr.o(.constdata)
    x$fpl$usenofp                            0x08005c6e   Section        0  usenofp.o(x$fpl$usenofp)
    uc_hextab                                0x08005c6e   Data          20  _printf_hex_int_ll_ptr.o(.constdata)
    lc_hextab                                0x08005c82   Data          20  _printf_hex_int_ll_ptr.o(.constdata)
    .constdata                               0x08005c96   Section       17  __printf_flags_ss_wp.o(.constdata)
    maptable                                 0x08005c96   Data          17  __printf_flags_ss_wp.o(.constdata)
    .constdata                               0x08005ca8   Section        8  _printf_wctomb.o(.constdata)
    initial_mbstate                          0x08005ca8   Data           8  _printf_wctomb.o(.constdata)
    .constdata                               0x08005cb0   Section       38  _printf_fp_hex.o(.constdata)
    lc_hextab                                0x08005cb0   Data          19  _printf_fp_hex.o(.constdata)
    uc_hextab                                0x08005cc3   Data          19  _printf_fp_hex.o(.constdata)
    .constdata                               0x08005cd8   Section      148  bigflt0.o(.constdata)
    tenpwrs_x                                0x08005cd8   Data          60  bigflt0.o(.constdata)
    tenpwrs_i                                0x08005d14   Data          64  bigflt0.o(.constdata)
    .conststring                             0x08005d6c   Section      130  main.o(.conststring)
    c$$dinf                                  0x08005e10   Section        8  fpconst.o(c$$dinf)
    locale$$data                             0x08005e18   Section      272  lc_ctype_c.o(locale$$data)
    __lcctype_c_name                         0x08005e1c   Data           2  lc_ctype_c.o(locale$$data)
    __lcctype_c_start                        0x08005e24   Data           0  lc_ctype_c.o(locale$$data)
    locale$$data                             0x08005f28   Section       28  lc_numeric_c.o(locale$$data)
    __lcctype_c_end                          0x08005f28   Data           0  lc_ctype_c.o(locale$$data)
    __lcnum_c_name                           0x08005f2c   Data           2  lc_numeric_c.o(locale$$data)
    __lcnum_c_start                          0x08005f34   Data           0  lc_numeric_c.o(locale$$data)
    __lcnum_c_point                          0x08005f40   Data           0  lc_numeric_c.o(locale$$data)
    __lcnum_c_thousands                      0x08005f42   Data           0  lc_numeric_c.o(locale$$data)
    __lcnum_c_grouping                       0x08005f43   Data           0  lc_numeric_c.o(locale$$data)
    __lcnum_c_end                            0x08005f44   Data           0  lc_numeric_c.o(locale$$data)
    .data                                    0x20000000   Section       20  stm32f10x_rcc.o(.data)
    APBAHBPrescTable                         0x20000000   Data          16  stm32f10x_rcc.o(.data)
    ADCPrescTable                            0x20000010   Data           4  stm32f10x_rcc.o(.data)
    .data                                    0x20000014   Section       20  cjson.o(.data)
    global_error                             0x20000014   Data           8  cjson.o(.data)
    global_hooks                             0x2000001c   Data          12  cjson.o(.data)
    .data                                    0x20000028   Section       13  serial.o(.data)
    .data                                    0x20000038   Section        4  esp8266-01s.o(.data)
    .bss                                     0x2000003c   Section     4096  serial.o(.bss)
    .bss                                     0x2000103c   Section     2176  esp8266-01s.o(.bss)
    .bss                                     0x200018bc   Section       96  libspace.o(.bss)
    HEAP                                     0x20001920   Section      512  startup_stm32f10x_md.o(HEAP)
    Heap_Mem                                 0x20001920   Data         512  startup_stm32f10x_md.o(HEAP)
    STACK                                    0x20001b20   Section     1024  startup_stm32f10x_md.o(STACK)
    Stack_Mem                                0x20001b20   Data        1024  startup_stm32f10x_md.o(STACK)
    __initial_sp                             0x20001f20   Data           0  startup_stm32f10x_md.o(STACK)

    Global Symbols

    Symbol Name                              Value     Ov Type        Size  Object(Section)

    BuildAttributes$$THM_ISAv4$P$D$K$B$S$PE$A:L22UL41UL21$X:L11$S22US41US21$IEEE1$IW$USESV6$~STKCKD$USESV7$~SHL$OTIME$ROPI$IEEEX$EBA8$UX$STANDARDLIB$REQ8$PRES8$EABIv2 0x00000000   Number         0  anon$$obj.o ABSOLUTE
    __ARM_use_no_argv                        0x00000000   Number         0  main.o ABSOLUTE
    _printf_flags                            0x00000000   Number         0  printf_stubs.o ABSOLUTE
    _printf_return_value                     0x00000000   Number         0  printf_stubs.o ABSOLUTE
    _printf_sizespec                         0x00000000   Number         0  printf_stubs.o ABSOLUTE
    _printf_widthprec                        0x00000000   Number         0  printf_stubs.o ABSOLUTE
    __ARM_exceptions_init                     - Undefined Weak Reference
    __alloca_initialize                       - Undefined Weak Reference
    __arm_preinit_                            - Undefined Weak Reference
    __cpp_initialize__aeabi_                  - Undefined Weak Reference
    __cxa_finalize                            - Undefined Weak Reference
    __sigvec_lookup                           - Undefined Weak Reference
    __user_heap_extent                        - Undefined Weak Reference
    _atexit_init                              - Undefined Weak Reference
    _call_atexit_fns                          - Undefined Weak Reference
    _clock_init                               - Undefined Weak Reference
    _fp_trap_init                             - Undefined Weak Reference
    _fp_trap_shutdown                         - Undefined Weak Reference
    _get_lc_collate                           - Undefined Weak Reference
    _get_lc_monetary                          - Undefined Weak Reference
    _get_lc_time                              - Undefined Weak Reference
    _getenv_init                              - Undefined Weak Reference
    _handle_redirection                       - Undefined Weak Reference
    _initio                                   - Undefined Weak Reference
    _mutex_acquire                            - Undefined Weak Reference
    _mutex_free                               - Undefined Weak Reference
    _mutex_release                            - Undefined Weak Reference
    _printf_mbtowc                            - Undefined Weak Reference
    _printf_wc                                - Undefined Weak Reference
    _rand_init                                - Undefined Weak Reference
    _scanf_longlong                           - Undefined Weak Reference
    _scanf_mbtowc                             - Undefined Weak Reference
    _scanf_wctomb                             - Undefined Weak Reference
    _scanf_wstring                            - Undefined Weak Reference
    _signal_finish                            - Undefined Weak Reference
    _signal_init                              - Undefined Weak Reference
    _terminateio                              - Undefined Weak Reference
    __Vectors_Size                           0x000000ec   Number         0  startup_stm32f10x_md.o ABSOLUTE
    __Vectors                                0x08000000   Data           4  startup_stm32f10x_md.o(RESET)
    __Vectors_End                            0x080000ec   Data           0  startup_stm32f10x_md.o(RESET)
    __main                                   0x080000ed   Thumb Code     8  __main.o(!!!main)
    __scatterload                            0x080000f5   Thumb Code     0  __scatter.o(!!!scatter)
    __scatterload_rt2                        0x080000f5   Thumb Code    44  __scatter.o(!!!scatter)
    __scatterload_rt2_thumb_only             0x080000f5   Thumb Code     0  __scatter.o(!!!scatter)
    __scatterload_null                       0x08000103   Thumb Code     0  __scatter.o(!!!scatter)
    __scatterload_copy                       0x08000129   Thumb Code    26  __scatter_copy.o(!!handler_copy)
    __scatterload_zeroinit                   0x08000145   Thumb Code    28  __scatter_zi.o(!!handler_zi)
    _printf_n                                0x08000161   Thumb Code     0  _printf_n.o(.ARM.Collect$$_printf_percent$$00000001)
    _printf_percent                          0x08000161   Thumb Code     0  _printf_percent.o(.ARM.Collect$$_printf_percent$$00000000)
    _printf_p                                0x08000167   Thumb Code     0  _printf_p.o(.ARM.Collect$$_printf_percent$$00000002)
    _printf_f                                0x0800016d   Thumb Code     0  _printf_f.o(.ARM.Collect$$_printf_percent$$00000003)
    _printf_e                                0x08000173   Thumb Code     0  _printf_e.o(.ARM.Collect$$_printf_percent$$00000004)
    _printf_g                                0x08000179   Thumb Code     0  _printf_g.o(.ARM.Collect$$_printf_percent$$00000005)
    _printf_a                                0x0800017f   Thumb Code     0  _printf_a.o(.ARM.Collect$$_printf_percent$$00000006)
    _printf_ll                               0x08000185   Thumb Code     0  _printf_ll.o(.ARM.Collect$$_printf_percent$$00000007)
    _printf_i                                0x0800018f   Thumb Code     0  _printf_i.o(.ARM.Collect$$_printf_percent$$00000008)
    _printf_d                                0x08000195   Thumb Code     0  _printf_d.o(.ARM.Collect$$_printf_percent$$00000009)
    _printf_u                                0x0800019b   Thumb Code     0  _printf_u.o(.ARM.Collect$$_printf_percent$$0000000A)
    _printf_o                                0x080001a1   Thumb Code     0  _printf_o.o(.ARM.Collect$$_printf_percent$$0000000B)
    _printf_x                                0x080001a7   Thumb Code     0  _printf_x.o(.ARM.Collect$$_printf_percent$$0000000C)
    _printf_lli                              0x080001ad   Thumb Code     0  _printf_lli.o(.ARM.Collect$$_printf_percent$$0000000D)
    _printf_lld                              0x080001b3   Thumb Code     0  _printf_lld.o(.ARM.Collect$$_printf_percent$$0000000E)
    _printf_llu                              0x080001b9   Thumb Code     0  _printf_llu.o(.ARM.Collect$$_printf_percent$$0000000F)
    _printf_llo                              0x080001bf   Thumb Code     0  _printf_llo.o(.ARM.Collect$$_printf_percent$$00000010)
    _printf_llx                              0x080001c5   Thumb Code     0  _printf_llx.o(.ARM.Collect$$_printf_percent$$00000011)
    _printf_l                                0x080001cb   Thumb Code     0  _printf_l.o(.ARM.Collect$$_printf_percent$$00000012)
    _printf_c                                0x080001d5   Thumb Code     0  _printf_c.o(.ARM.Collect$$_printf_percent$$00000013)
    _printf_s                                0x080001db   Thumb Code     0  _printf_s.o(.ARM.Collect$$_printf_percent$$00000014)
    _printf_lc                               0x080001e1   Thumb Code     0  _printf_lc.o(.ARM.Collect$$_printf_percent$$00000015)
    _printf_ls                               0x080001e7   Thumb Code     0  _printf_ls.o(.ARM.Collect$$_printf_percent$$00000016)
    _printf_percent_end                      0x080001ed   Thumb Code     0  _printf_percent_end.o(.ARM.Collect$$_printf_percent$$00000017)
    __rt_lib_init                            0x080001f1   Thumb Code     0  libinit.o(.ARM.Collect$$libinit$$00000000)
    __rt_lib_init_fp_1                       0x080001f3   Thumb Code     0  libinit2.o(.ARM.Collect$$libinit$$00000002)
    __rt_lib_init_heap_2                     0x080001f3   Thumb Code     0  libinit2.o(.ARM.Collect$$libinit$$00000005)
    __rt_lib_init_preinit_1                  0x080001f3   Thumb Code     0  libinit2.o(.ARM.Collect$$libinit$$00000004)
    __rt_lib_init_heap_1                     0x080001fb   Thumb Code     0  libinit2.o(.ARM.Collect$$libinit$$0000000A)
    __rt_lib_init_lc_common                  0x080001fb   Thumb Code     0  libinit2.o(.ARM.Collect$$libinit$$0000000F)
    __rt_lib_init_rand_1                     0x080001fb   Thumb Code     0  libinit2.o(.ARM.Collect$$libinit$$0000000E)
    __rt_lib_init_user_alloc_1               0x080001fb   Thumb Code     0  libinit2.o(.ARM.Collect$$libinit$$0000000C)
    __rt_lib_init_lc_collate_1               0x08000201   Thumb Code     0  libinit2.o(.ARM.Collect$$libinit$$00000011)
    __rt_lib_init_lc_ctype_2                 0x08000201   Thumb Code     0  libinit2.o(.ARM.Collect$$libinit$$00000012)
    __rt_lib_init_lc_ctype_1                 0x0800020d   Thumb Code     0  libinit2.o(.ARM.Collect$$libinit$$00000013)
    __rt_lib_init_lc_monetary_1              0x0800020d   Thumb Code     0  libinit2.o(.ARM.Collect$$libinit$$00000015)
    __rt_lib_init_lc_numeric_2               0x0800020d   Thumb Code     0  libinit2.o(.ARM.Collect$$libinit$$00000016)
    __rt_lib_init_alloca_1                   0x08000217   Thumb Code     0  libinit2.o(.ARM.Collect$$libinit$$0000002E)
    __rt_lib_init_argv_1                     0x08000217   Thumb Code     0  libinit2.o(.ARM.Collect$$libinit$$0000002C)
    __rt_lib_init_atexit_1                   0x08000217   Thumb Code     0  libinit2.o(.ARM.Collect$$libinit$$0000001B)
    __rt_lib_init_clock_1                    0x08000217   Thumb Code     0  libinit2.o(.ARM.Collect$$libinit$$00000021)
    __rt_lib_init_cpp_1                      0x08000217   Thumb Code     0  libinit2.o(.ARM.Collect$$libinit$$00000032)
    __rt_lib_init_exceptions_1               0x08000217   Thumb Code     0  libinit2.o(.ARM.Collect$$libinit$$00000030)
    __rt_lib_init_fp_trap_1                  0x08000217   Thumb Code     0  libinit2.o(.ARM.Collect$$libinit$$0000001F)
    __rt_lib_init_getenv_1                   0x08000217   Thumb Code     0  libinit2.o(.ARM.Collect$$libinit$$00000023)
    __rt_lib_init_lc_numeric_1               0x08000217   Thumb Code     0  libinit2.o(.ARM.Collect$$libinit$$00000017)
    __rt_lib_init_lc_time_1                  0x08000217   Thumb Code     0  libinit2.o(.ARM.Collect$$libinit$$00000019)
    __rt_lib_init_return                     0x08000217   Thumb Code     0  libinit2.o(.ARM.Collect$$libinit$$00000033)
    __rt_lib_init_signal_1                   0x08000217   Thumb Code     0  libinit2.o(.ARM.Collect$$libinit$$0000001D)
    __rt_lib_init_stdio_1                    0x08000217   Thumb Code     0  libinit2.o(.ARM.Collect$$libinit$$00000025)
    __rt_lib_shutdown                        0x08000219   Thumb Code     0  libshutdown.o(.ARM.Collect$$libshutdown$$00000000)
    __rt_lib_shutdown_cpp_1                  0x0800021b   Thumb Code     0  libshutdown2.o(.ARM.Collect$$libshutdown$$00000002)
    __rt_lib_shutdown_fp_trap_1              0x0800021b   Thumb Code     0  libshutdown2.o(.ARM.Collect$$libshutdown$$00000007)
    __rt_lib_shutdown_heap_1                 0x0800021b   Thumb Code     0  libshutdown2.o(.ARM.Collect$$libshutdown$$0000000F)
    __rt_lib_shutdown_return                 0x0800021b   Thumb Code     0  libshutdown2.o(.ARM.Collect$$libshutdown$$00000010)
    __rt_lib_shutdown_signal_1               0x0800021b   Thumb Code     0  libshutdown2.o(.ARM.Collect$$libshutdown$$0000000A)
    __rt_lib_shutdown_stdio_1                0x0800021b   Thumb Code     0  libshutdown2.o(.ARM.Collect$$libshutdown$$00000004)
    __rt_lib_shutdown_user_alloc_1           0x0800021b   Thumb Code     0  libshutdown2.o(.ARM.Collect$$libshutdown$$0000000C)
    __rt_entry                               0x0800021d   Thumb Code     0  __rtentry.o(.ARM.Collect$$rtentry$$00000000)
    __rt_entry_presh_1                       0x0800021d   Thumb Code     0  __rtentry2.o(.ARM.Collect$$rtentry$$00000002)
    __rt_entry_sh                            0x0800021d   Thumb Code     0  __rtentry4.o(.ARM.Collect$$rtentry$$00000004)
    __rt_entry_li                            0x08000223   Thumb Code     0  __rtentry2.o(.ARM.Collect$$rtentry$$0000000A)
    __rt_entry_postsh_1                      0x08000223   Thumb Code     0  __rtentry2.o(.ARM.Collect$$rtentry$$00000009)
    __rt_entry_main                          0x08000227   Thumb Code     0  __rtentry2.o(.ARM.Collect$$rtentry$$0000000D)
    __rt_entry_postli_1                      0x08000227   Thumb Code     0  __rtentry2.o(.ARM.Collect$$rtentry$$0000000C)
    __rt_exit                                0x0800022f   Thumb Code     0  rtexit.o(.ARM.Collect$$rtexit$$00000000)
    __rt_exit_ls                             0x08000231   Thumb Code     0  rtexit2.o(.ARM.Collect$$rtexit$$00000003)
    __rt_exit_prels_1                        0x08000231   Thumb Code     0  rtexit2.o(.ARM.Collect$$rtexit$$00000002)
    __rt_exit_exit                           0x08000235   Thumb Code     0  rtexit2.o(.ARM.Collect$$rtexit$$00000004)
    Reset_Handler                            0x0800023d   Thumb Code     8  startup_stm32f10x_md.o(.text)
    _maybe_terminate_alloc                   0x0800023d   Thumb Code     0  maybetermalloc1.o(.emb_text)
    ADC1_2_IRQHandler                        0x08000257   Thumb Code     0  startup_stm32f10x_md.o(.text)
    CAN1_RX1_IRQHandler                      0x08000257   Thumb Code     0  startup_stm32f10x_md.o(.text)
    CAN1_SCE_IRQHandler                      0x08000257   Thumb Code     0  startup_stm32f10x_md.o(.text)
    DMA1_Channel1_IRQHandler                 0x08000257   Thumb Code     0  startup_stm32f10x_md.o(.text)
    DMA1_Channel2_IRQHandler                 0x08000257   Thumb Code     0  startup_stm32f10x_md.o(.text)
    DMA1_Channel3_IRQHandler                 0x08000257   Thumb Code     0  startup_stm32f10x_md.o(.text)
    DMA1_Channel4_IRQHandler                 0x08000257   Thumb Code     0  startup_stm32f10x_md.o(.text)
    DMA1_Channel5_IRQHandler                 0x08000257   Thumb Code     0  startup_stm32f10x_md.o(.text)
    DMA1_Channel6_IRQHandler                 0x08000257   Thumb Code     0  startup_stm32f10x_md.o(.text)
    DMA1_Channel7_IRQHandler                 0x08000257   Thumb Code     0  startup_stm32f10x_md.o(.text)
    EXTI0_IRQHandler                         0x08000257   Thumb Code     0  startup_stm32f10x_md.o(.text)
    EXTI15_10_IRQHandler                     0x08000257   Thumb Code     0  startup_stm32f10x_md.o(.text)
    EXTI1_IRQHandler                         0x08000257   Thumb Code     0  startup_stm32f10x_md.o(.text)
    EXTI2_IRQHandler                         0x08000257   Thumb Code     0  startup_stm32f10x_md.o(.text)
    EXTI3_IRQHandler                         0x08000257   Thumb Code     0  startup_stm32f10x_md.o(.text)
    EXTI4_IRQHandler                         0x08000257   Thumb Code     0  startup_stm32f10x_md.o(.text)
    EXTI9_5_IRQHandler                       0x08000257   Thumb Code     0  startup_stm32f10x_md.o(.text)
    FLASH_IRQHandler                         0x08000257   Thumb Code     0  startup_stm32f10x_md.o(.text)
    I2C1_ER_IRQHandler                       0x08000257   Thumb Code     0  startup_stm32f10x_md.o(.text)
    I2C1_EV_IRQHandler                       0x08000257   Thumb Code     0  startup_stm32f10x_md.o(.text)
    I2C2_ER_IRQHandler                       0x08000257   Thumb Code     0  startup_stm32f10x_md.o(.text)
    I2C2_EV_IRQHandler                       0x08000257   Thumb Code     0  startup_stm32f10x_md.o(.text)
    PVD_IRQHandler                           0x08000257   Thumb Code     0  startup_stm32f10x_md.o(.text)
    RCC_IRQHandler                           0x08000257   Thumb Code     0  startup_stm32f10x_md.o(.text)
    RTCAlarm_IRQHandler                      0x08000257   Thumb Code     0  startup_stm32f10x_md.o(.text)
    RTC_IRQHandler                           0x08000257   Thumb Code     0  startup_stm32f10x_md.o(.text)
    SPI1_IRQHandler                          0x08000257   Thumb Code     0  startup_stm32f10x_md.o(.text)
    SPI2_IRQHandler                          0x08000257   Thumb Code     0  startup_stm32f10x_md.o(.text)
    TAMPER_IRQHandler                        0x08000257   Thumb Code     0  startup_stm32f10x_md.o(.text)
    TIM1_BRK_IRQHandler                      0x08000257   Thumb Code     0  startup_stm32f10x_md.o(.text)
    TIM1_CC_IRQHandler                       0x08000257   Thumb Code     0  startup_stm32f10x_md.o(.text)
    TIM1_TRG_COM_IRQHandler                  0x08000257   Thumb Code     0  startup_stm32f10x_md.o(.text)
    TIM1_UP_IRQHandler                       0x08000257   Thumb Code     0  startup_stm32f10x_md.o(.text)
    TIM2_IRQHandler                          0x08000257   Thumb Code     0  startup_stm32f10x_md.o(.text)
    TIM3_IRQHandler                          0x08000257   Thumb Code     0  startup_stm32f10x_md.o(.text)
    TIM4_IRQHandler                          0x08000257   Thumb Code     0  startup_stm32f10x_md.o(.text)
    USART3_IRQHandler                        0x08000257   Thumb Code     0  startup_stm32f10x_md.o(.text)
    USBWakeUp_IRQHandler                     0x08000257   Thumb Code     0  startup_stm32f10x_md.o(.text)
    USB_HP_CAN1_TX_IRQHandler                0x08000257   Thumb Code     0  startup_stm32f10x_md.o(.text)
    USB_LP_CAN1_RX0_IRQHandler               0x08000257   Thumb Code     0  startup_stm32f10x_md.o(.text)
    WWDG_IRQHandler                          0x08000257   Thumb Code     0  startup_stm32f10x_md.o(.text)
    __user_initial_stackheap                 0x08000259   Thumb Code     0  startup_stm32f10x_md.o(.text)
    malloc                                   0x0800027d   Thumb Code    94  h1_alloc.o(.text)
    free                                     0x080002db   Thumb Code    78  h1_free.o(.text)
    realloc                                  0x08000329   Thumb Code   184  h1_realloc.o(.text)
    tolower                                  0x080003e1   Thumb Code    26  tolower.o(.text)
    vsprintf                                 0x080003fd   Thumb Code    32  vsprintf.o(.text)
    __2sprintf                               0x08000421   Thumb Code    38  __2sprintf.o(.text)
    __2snprintf                              0x0800044d   Thumb Code    50  __2snprintf.o(.text)
    _printf_pre_padding                      0x08000485   Thumb Code    44  _printf_pad.o(.text)
    _printf_post_padding                     0x080004b1   Thumb Code    34  _printf_pad.o(.text)
    _printf_str                              0x080004d3   Thumb Code    82  _printf_str.o(.text)
    _printf_int_dec                          0x08000525   Thumb Code   104  _printf_dec.o(.text)
    _printf_longlong_hex                     0x0800059d   Thumb Code    86  _printf_hex_int_ll_ptr.o(.text)
    _printf_int_hex                          0x080005f3   Thumb Code    28  _printf_hex_int_ll_ptr.o(.text)
    _printf_ll_hex                           0x0800060f   Thumb Code    12  _printf_hex_int_ll_ptr.o(.text)
    _printf_hex_ptr                          0x0800061b   Thumb Code    18  _printf_hex_int_ll_ptr.o(.text)
    __printf                                 0x08000631   Thumb Code   388  __printf_flags_ss_wp.o(.text)
    __0sscanf                                0x080007b9   Thumb Code    52  __0sscanf.o(.text)
    _scanf_int                               0x080007f5   Thumb Code   332  _scanf_int.o(.text)
    _scanf_string                            0x08000941   Thumb Code   224  _scanf_str.o(.text)
    strstr                                   0x08000a21   Thumb Code    36  strstr.o(.text)
    strlen                                   0x08000a45   Thumb Code    62  strlen.o(.text)
    strncmp                                  0x08000a83   Thumb Code   150  strncmp.o(.text)
    __aeabi_memcpy                           0x08000b19   Thumb Code     0  rt_memcpy_v6.o(.text)
    __rt_memcpy                              0x08000b19   Thumb Code   138  rt_memcpy_v6.o(.text)
    _memcpy_lastbytes                        0x08000b7f   Thumb Code     0  rt_memcpy_v6.o(.text)
    __aeabi_memcpy4                          0x08000ba3   Thumb Code     0  rt_memcpy_w.o(.text)
    __aeabi_memcpy8                          0x08000ba3   Thumb Code     0  rt_memcpy_w.o(.text)
    __rt_memcpy_w                            0x08000ba3   Thumb Code   100  rt_memcpy_w.o(.text)
    _memcpy_lastbytes_aligned                0x08000beb   Thumb Code     0  rt_memcpy_w.o(.text)
    __aeabi_memclr                           0x08000c07   Thumb Code     0  rt_memclr.o(.text)
    __rt_memclr                              0x08000c07   Thumb Code    68  rt_memclr.o(.text)
    _memset                                  0x08000c0b   Thumb Code     0  rt_memclr.o(.text)
    __aeabi_memclr4                          0x08000c4b   Thumb Code     0  rt_memclr_w.o(.text)
    __aeabi_memclr8                          0x08000c4b   Thumb Code     0  rt_memclr_w.o(.text)
    __rt_memclr_w                            0x08000c4b   Thumb Code    78  rt_memclr_w.o(.text)
    _memset_w                                0x08000c4f   Thumb Code     0  rt_memclr_w.o(.text)
    strcmp                                   0x08000c99   Thumb Code   128  strcmpv7m.o(.text)
    __use_two_region_memory                  0x08000d19   Thumb Code     2  heapauxi.o(.text)
    __rt_heap_escrow                         0x08000d1b   Thumb Code     2  heapauxi.o(.text)
    __rt_heap_expand                         0x08000d1d   Thumb Code     2  heapauxi.o(.text)
    __rt_ctype_table                         0x08000d21   Thumb Code    16  rt_ctype_table.o(.text)
    __rt_heap_descriptor                     0x08000d31   Thumb Code     8  rt_heap_descriptor_intlibspace.o(.text)
    __use_no_heap                            0x08000d39   Thumb Code     2  hguard.o(.text)
    __heap$guard                             0x08000d3b   Thumb Code     2  hguard.o(.text)
    _terminate_user_alloc                    0x08000d3d   Thumb Code     2  init_alloc.o(.text)
    _init_user_alloc                         0x08000d3f   Thumb Code     2  init_alloc.o(.text)
    __Heap_Full                              0x08000d41   Thumb Code    34  init_alloc.o(.text)
    __Heap_Broken                            0x08000d63   Thumb Code     6  init_alloc.o(.text)
    _init_alloc                              0x08000d69   Thumb Code    94  init_alloc.o(.text)
    __Heap_Initialize                        0x08000dc7   Thumb Code    10  h1_init.o(.text)
    __Heap_DescSize                          0x08000dd1   Thumb Code     4  h1_init.o(.text)
    _printf_truncate_signed                  0x08000dd5   Thumb Code    18  _printf_truncate.o(.text)
    _printf_truncate_unsigned                0x08000de7   Thumb Code    18  _printf_truncate.o(.text)
    _printf_int_common                       0x08000df9   Thumb Code   178  _printf_intcommon.o(.text)
    _printf_charcount                        0x08000eab   Thumb Code    40  _printf_charcount.o(.text)
    __lib_sel_fp_printf                      0x08000ed3   Thumb Code     2  _printf_fp_dec.o(.text)
    _printf_fp_dec_real                      0x08001081   Thumb Code   620  _printf_fp_dec.o(.text)
    _printf_char_common                      0x080012f7   Thumb Code    32  _printf_char_common.o(.text)
    _sputc                                   0x0800131d   Thumb Code    10  _sputc.o(.text)
    _snputc                                  0x08001327   Thumb Code    16  _snputc.o(.text)
    _printf_cs_common                        0x08001337   Thumb Code    20  _printf_char.o(.text)
    _printf_char                             0x0800134b   Thumb Code    16  _printf_char.o(.text)
    _printf_string                           0x0800135b   Thumb Code     8  _printf_char.o(.text)
    _printf_wctomb                           0x08001365   Thumb Code   182  _printf_wctomb.o(.text)
    _printf_longlong_dec                     0x08001421   Thumb Code   108  _printf_longlong_dec.o(.text)
    _printf_longlong_oct                     0x0800149d   Thumb Code    66  _printf_oct_int_ll.o(.text)
    _printf_int_oct                          0x080014df   Thumb Code    24  _printf_oct_int_ll.o(.text)
    _printf_ll_oct                           0x080014f7   Thumb Code    12  _printf_oct_int_ll.o(.text)
    _chval                                   0x0800150d   Thumb Code    28  _chval.o(.text)
    _scanf_really_real                       0x08001725   Thumb Code   668  scanf_fp.o(.text)
    __vfscanf_char                           0x080019d9   Thumb Code    24  scanf_char.o(.text)
    _sgetc                                   0x080019f9   Thumb Code    30  _sgetc.o(.text)
    _sbackspace                              0x08001a17   Thumb Code    34  _sgetc.o(.text)
    __strtod_int                             0x08001a75   Thumb Code    90  strtod.o(.text)
    __user_libspace                          0x08001add   Thumb Code     8  libspace.o(.text)
    __user_perproc_libspace                  0x08001add   Thumb Code     0  libspace.o(.text)
    __user_perthread_libspace                0x08001add   Thumb Code     0  libspace.o(.text)
    __rt_locale                              0x08001ae5   Thumb Code     8  rt_locale_intlibspace.o(.text)
    __aeabi_errno_addr                       0x08001aed   Thumb Code     8  rt_errno_addr_intlibspace.o(.text)
    __errno$intlibspace                      0x08001aed   Thumb Code     0  rt_errno_addr_intlibspace.o(.text)
    __rt_errno_addr$intlibspace              0x08001aed   Thumb Code     0  rt_errno_addr_intlibspace.o(.text)
    __Heap_ProvideMemory                     0x08001af5   Thumb Code    52  h1_extend.o(.text)
    _ll_udiv10                               0x08001b29   Thumb Code   138  lludiv10.o(.text)
    isspace                                  0x08001bb3   Thumb Code    18  isspace.o(.text)
    _printf_fp_hex_real                      0x08001bc5   Thumb Code   756  _printf_fp_hex.o(.text)
    _printf_fp_infnan                        0x08001ec1   Thumb Code   112  _printf_fp_infnan.o(.text)
    _printf_lcs_common                       0x08001f41   Thumb Code    20  _printf_wchar.o(.text)
    _printf_wchar                            0x08001f55   Thumb Code    16  _printf_wchar.o(.text)
    _printf_wstring                          0x08001f65   Thumb Code     8  _printf_wchar.o(.text)
    __vfscanf                                0x08001f6d   Thumb Code   878  _scanf.o(.text)
    _btod_etento                             0x080022e1   Thumb Code   216  bigflt0.o(.text)
    _wcrtomb                                 0x080023bd   Thumb Code    64  _wcrtomb.o(.text)
    __rt_SIGRTMEM                            0x080023fd   Thumb Code    14  defsig_rtmem_outer.o(.text)
    __I$use$semihosting                      0x0800240b   Thumb Code     0  use_no_semi.o(.text)
    __use_no_semihosting_swi                 0x0800240b   Thumb Code     2  use_no_semi.o(.text)
    __semihosting_library_function           0x0800240d   Thumb Code     0  indicate_semi.o(.text)
    __user_setup_stackheap                   0x0800240d   Thumb Code    74  sys_stackheap_outer.o(.text)
    __read_errno                             0x08002457   Thumb Code    10  _rserrno.o(.text)
    __set_errno                              0x08002461   Thumb Code    12  _rserrno.o(.text)
    _scanf_really_hex_real                   0x0800246d   Thumb Code   786  scanf_hexfp.o(.text)
    _scanf_really_infnan                     0x0800278d   Thumb Code   292  scanf_infnan.o(.text)
    exit                                     0x080028c1   Thumb Code    18  exit.o(.text)
    __sig_exit                               0x080028d3   Thumb Code    10  defsig_exit.o(.text)
    __rt_SIGRTMEM_inner                      0x080028dd   Thumb Code    22  defsig_rtmem_inner.o(.text)
    _sys_exit                                0x0800292d   Thumb Code     8  sys_exit.o(.text)
    __aeabi_llsl                             0x08002939   Thumb Code     0  llshl.o(.text)
    _ll_shift_l                              0x08002939   Thumb Code    38  llshl.o(.text)
    __default_signal_display                 0x0800295f   Thumb Code    50  defsig_general.o(.text)
    _ttywrch                                 0x08002991   Thumb Code    14  sys_wrch.o(.text)
    _btod_d2e                                0x0800299f   Thumb Code    62  btod.o(CL$$btod_d2e)
    _d2e_denorm_low                          0x080029dd   Thumb Code    70  btod.o(CL$$btod_d2e_denorm_low)
    _d2e_norm_op1                            0x08002a23   Thumb Code    96  btod.o(CL$$btod_d2e_norm_op1)
    __btod_div_common                        0x08002a83   Thumb Code   696  btod.o(CL$$btod_div_common)
    _e2d                                     0x08002dbd   Thumb Code    80  btod.o(CL$$btod_e2d)
    _e2e                                     0x08002e11   Thumb Code   198  btod.o(CL$$btod_e2e)
    _btod_ediv                               0x08002ed7   Thumb Code    40  btod.o(CL$$btod_ediv)
    _btod_edivd                              0x08002eff   Thumb Code    40  btod.o(CL$$btod_edivd)
    _btod_emul                               0x08002f27   Thumb Code    40  btod.o(CL$$btod_emul)
    _btod_emuld                              0x08002f4f   Thumb Code    40  btod.o(CL$$btod_emuld)
    __btod_mult_common                       0x08002f77   Thumb Code   580  btod.o(CL$$btod_mult_common)
    BusFault_Handler                         0x080031bb   Thumb Code     4  stm32f10x_it.o(i.BusFault_Handler)
    DebugMon_Handler                         0x080031bf   Thumb Code     2  stm32f10x_it.o(i.DebugMon_Handler)
    Delay_ms                                 0x080031c1   Thumb Code    24  delay.o(i.Delay_ms)
    Delay_us                                 0x080031d9   Thumb Code    46  delay.o(i.Delay_us)
    ESP8266_ConnectMQTT                      0x08003209   Thumb Code   242  esp8266-01s.o(i.ESP8266_ConnectMQTT)
    ESP8266_Init                             0x08003551   Thumb Code    12  esp8266-01s.o(i.ESP8266_Init)
    ESP8266_ProcessReceivedMessage           0x0800355d   Thumb Code   108  esp8266-01s.o(i.ESP8266_ProcessReceivedMessage)
    ESP8266_RST_Init                         0x08003669   Thumb Code    44  esp8266-01s.o(i.ESP8266_RST_Init)
    ESP8266_SendCmd                          0x08003699   Thumb Code    96  esp8266-01s.o(i.ESP8266_SendCmd)
    ESP8266_SetMessageCallback               0x08003725   Thumb Code     6  esp8266-01s.o(i.ESP8266_SetMessageCallback)
    GPIO_Init                                0x08003731   Thumb Code   278  stm32f10x_gpio.o(i.GPIO_Init)
    GPIO_SetBits                             0x08003847   Thumb Code     4  stm32f10x_gpio.o(i.GPIO_SetBits)
    GPIO_WriteBit                            0x0800384b   Thumb Code    10  stm32f10x_gpio.o(i.GPIO_WriteBit)
    HardFault_Handler                        0x08003855   Thumb Code     4  stm32f10x_it.o(i.HardFault_Handler)
    MQTT_Publish                             0x08003859   Thumb Code    80  esp8266-01s.o(i.MQTT_Publish)
    MQTT_Subscribe                           0x08003915   Thumb Code    66  esp8266-01s.o(i.MQTT_Subscribe)
    MemManage_Handler                        0x080039ad   Thumb Code     4  stm32f10x_it.o(i.MemManage_Handler)
    NMI_Handler                              0x080039b1   Thumb Code     2  stm32f10x_it.o(i.NMI_Handler)
    NVIC_Init                                0x080039b5   Thumb Code   100  misc.o(i.NVIC_Init)
    NVIC_PriorityGroupConfig                 0x08003a25   Thumb Code    10  misc.o(i.NVIC_PriorityGroupConfig)
    PendSV_Handler                           0x08003a39   Thumb Code     2  stm32f10x_it.o(i.PendSV_Handler)
    RCC_APB1PeriphClockCmd                   0x08003a3d   Thumb Code    26  stm32f10x_rcc.o(i.RCC_APB1PeriphClockCmd)
    RCC_APB1PeriphResetCmd                   0x08003a5d   Thumb Code    26  stm32f10x_rcc.o(i.RCC_APB1PeriphResetCmd)
    RCC_APB2PeriphClockCmd                   0x08003a7d   Thumb Code    26  stm32f10x_rcc.o(i.RCC_APB2PeriphClockCmd)
    RCC_APB2PeriphResetCmd                   0x08003a9d   Thumb Code    26  stm32f10x_rcc.o(i.RCC_APB2PeriphResetCmd)
    RCC_GetClocksFreq                        0x08003abd   Thumb Code   192  stm32f10x_rcc.o(i.RCC_GetClocksFreq)
    SVC_Handler                              0x08003b91   Thumb Code     2  stm32f10x_it.o(i.SVC_Handler)
    Serial_SendByte                          0x08003b93   Thumb Code    30  serial.o(i.Serial_SendByte)
    Serial_SendString                        0x08003bb1   Thumb Code    26  serial.o(i.Serial_SendString)
    SysTick_Handler                          0x08003cb5   Thumb Code     2  stm32f10x_it.o(i.SysTick_Handler)
    SystemInit                               0x08003cb9   Thumb Code    78  system_stm32f10x.o(i.SystemInit)
    USART1_IRQHandler                        0x08003d19   Thumb Code   112  serial.o(i.USART1_IRQHandler)
    USART1_Init                              0x08003d99   Thumb Code   196  serial.o(i.USART1_Init)
    USART2_IRQHandler                        0x08003e65   Thumb Code   112  serial.o(i.USART2_IRQHandler)
    USART2_Init                              0x08003ee5   Thumb Code   192  serial.o(i.USART2_Init)
    USART_ClearFlag                          0x08003fad   Thumb Code    18  stm32f10x_usart.o(i.USART_ClearFlag)
    USART_ClearITPendingBit                  0x08003fbf   Thumb Code    30  stm32f10x_usart.o(i.USART_ClearITPendingBit)
    USART_Cmd                                0x08003fdd   Thumb Code    24  stm32f10x_usart.o(i.USART_Cmd)
    USART_DeInit                             0x08003ff5   Thumb Code   134  stm32f10x_usart.o(i.USART_DeInit)
    USART_GetFlagStatus                      0x08004091   Thumb Code    26  stm32f10x_usart.o(i.USART_GetFlagStatus)
    USART_GetITStatus                        0x080040ab   Thumb Code    84  stm32f10x_usart.o(i.USART_GetITStatus)
    USART_ITConfig                           0x080040ff   Thumb Code    74  stm32f10x_usart.o(i.USART_ITConfig)
    USART_Init                               0x08004149   Thumb Code   210  stm32f10x_usart.o(i.USART_Init)
    USART_ReceiveData                        0x08004221   Thumb Code    10  stm32f10x_usart.o(i.USART_ReceiveData)
    USART_SendData                           0x0800422b   Thumb Code     8  stm32f10x_usart.o(i.USART_SendData)
    UsageFault_Handler                       0x08004233   Thumb Code     4  stm32f10x_it.o(i.UsageFault_Handler)
    __ARM_fpclassify                         0x08004237   Thumb Code    40  fpclassify.o(i.__ARM_fpclassify)
    __mathlib_dbl_overflow                   0x0800425f   Thumb Code    14  dunder.o(i.__mathlib_dbl_overflow)
    __mathlib_dbl_underflow                  0x0800426d   Thumb Code    10  dunder.o(i.__mathlib_dbl_underflow)
    __mathlib_narrow                         0x0800427d   Thumb Code    16  narrow.o(i.__mathlib_narrow)
    __mathlib_tofloat                        0x0800428d   Thumb Code   132  narrow.o(i.__mathlib_tofloat)
    __support_ldexp                          0x08004315   Thumb Code    22  ldexp.o(i.__support_ldexp)
    _is_digit                                0x0800432b   Thumb Code    14  __printf_wp.o(i._is_digit)
    cJSON_Delete                             0x08004381   Thumb Code    92  cjson.o(i.cJSON_Delete)
    cJSON_GetErrorPtr                        0x080043e1   Thumb Code    12  cjson.o(i.cJSON_GetErrorPtr)
    cJSON_GetObjectItemCaseSensitive         0x080043f1   Thumb Code    18  cjson.o(i.cJSON_GetObjectItemCaseSensitive)
    cJSON_IsBool                             0x08004403   Thumb Code    24  cjson.o(i.cJSON_IsBool)
    cJSON_IsNumber                           0x0800441b   Thumb Code    22  cjson.o(i.cJSON_IsNumber)
    cJSON_IsObject                           0x08004431   Thumb Code    22  cjson.o(i.cJSON_IsObject)
    cJSON_IsString                           0x08004447   Thumb Code    22  cjson.o(i.cJSON_IsString)
    cJSON_IsTrue                             0x0800445d   Thumb Code    22  cjson.o(i.cJSON_IsTrue)
    cJSON_Parse                              0x0800448d   Thumb Code    16  cjson.o(i.cJSON_Parse)
    cJSON_ParseWithLengthOpts                0x0800449d   Thumb Code   204  cjson.o(i.cJSON_ParseWithLengthOpts)
    cJSON_ParseWithOpts                      0x08004571   Thumb Code    40  cjson.o(i.cJSON_ParseWithOpts)
    frexp                                    0x080045e1   Thumb Code    80  frexp.o(i.frexp)
    handle_mqtt_message                      0x08004691   Thumb Code    54  esp8266-01s.o(i.handle_mqtt_message)
    ldexp                                    0x08004701   Thumb Code   116  ldexp.o(i.ldexp)
    main                                     0x08004775   Thumb Code    98  main.o(i.main)
    my_printf                                0x0800483d   Thumb Code    48  serial.o(i.my_printf)
    parse_control_command                    0x08004969   Thumb Code    94  json_parser.o(i.parse_control_command)
    parse_dim_command                        0x080049f5   Thumb Code   182  json_parser.o(i.parse_dim_command)
    parse_status_command                     0x08004e81   Thumb Code   500  json_parser.o(i.parse_status_command)
    parse_switch_command                     0x080053ed   Thumb Code   182  json_parser.o(i.parse_switch_command)
    strtod                                   0x080056dd   Thumb Code    28  strtod.o(i.strtod)
    _get_lc_ctype                            0x08005825   Thumb Code    44  lc_ctype_c.o(locale$$code)
    _get_lc_numeric                          0x08005851   Thumb Code    44  lc_numeric_c.o(locale$$code)
    __aeabi_d2f                              0x0800587d   Thumb Code     0  d2f.o(x$fpl$d2f)
    _d2f                                     0x0800587d   Thumb Code    98  d2f.o(x$fpl$d2f)
    __fpl_dcheck_NaN1                        0x080058e1   Thumb Code    10  dcheck1.o(x$fpl$dcheck1)
    __fpl_dcmp_Inf                           0x080058f1   Thumb Code    24  dcmpi.o(x$fpl$dcmpinf)
    __aeabi_cdcmpeq                          0x08005909   Thumb Code     0  deqf.o(x$fpl$deqf)
    _dcmpeq                                  0x08005909   Thumb Code   120  deqf.o(x$fpl$deqf)
    __aeabi_d2iz                             0x08005981   Thumb Code     0  dfix.o(x$fpl$dfix)
    _dfix                                    0x08005981   Thumb Code    94  dfix.o(x$fpl$dfix)
    __aeabi_cdcmple                          0x080059e1   Thumb Code     0  dleqf.o(x$fpl$dleqf)
    _dcmple                                  0x080059e1   Thumb Code   120  dleqf.o(x$fpl$dleqf)
    __fpl_dcmple_InfNaN                      0x08005a43   Thumb Code     0  dleqf.o(x$fpl$dleqf)
    __fpl_dnaninf                            0x08005a59   Thumb Code   156  dnaninf.o(x$fpl$dnaninf)
    __aeabi_cdrcmple                         0x08005af5   Thumb Code     0  drleqf.o(x$fpl$drleqf)
    _drcmple                                 0x08005af5   Thumb Code   108  drleqf.o(x$fpl$drleqf)
    __fpl_fretinf                            0x08005b61   Thumb Code    10  fretinf.o(x$fpl$fretinf)
    _printf_fp_dec                           0x08005b6b   Thumb Code     4  printf1.o(x$fpl$printf1)
    _printf_fp_hex                           0x08005b6f   Thumb Code     4  printf2.o(x$fpl$printf2)
    __fpl_return_NaN                         0x08005b73   Thumb Code   100  retnan.o(x$fpl$retnan)
    __ARM_scalbn                             0x08005bd7   Thumb Code    92  scalbn.o(x$fpl$scalbn)
    _scanf_real                              0x08005c33   Thumb Code     4  scanf1.o(x$fpl$scanf1)
    _scanf_hex_real                          0x08005c37   Thumb Code     4  scanf2.o(x$fpl$scanf2)
    _scanf_infnan                            0x08005c3b   Thumb Code     4  scanf2.o(x$fpl$scanf2)
    __fpl_cmpreturn                          0x08005c3f   Thumb Code    48  trapv.o(x$fpl$trapveneer)
    __I$use$fp                               0x08005c6e   Number         0  usenofp.o(x$fpl$usenofp)
    Region$$Table$$Base                      0x08005df0   Number         0  anon$$obj.o(Region$$Table)
    Region$$Table$$Limit                     0x08005e10   Number         0  anon$$obj.o(Region$$Table)
    __aeabi_HUGE_VAL                         0x08005e10   Data           0  fpconst.o(c$$dinf)
    __aeabi_HUGE_VALL                        0x08005e10   Data           0  fpconst.o(c$$dinf)
    __aeabi_INFINITY                         0x08005e10   Data           0  fpconst.o(c$$dinf)
    __dInf                                   0x08005e10   Data           0  fpconst.o(c$$dinf)
    __huge_val                               0x08005e10   Data           0  fpconst.o(c$$dinf)
    __ctype                                  0x08005e25   Data           0  lc_ctype_c.o(locale$$data)
    usart1_rx_index                          0x20000028   Data           4  serial.o(.data)
    usart1_rx_flag                           0x2000002c   Data           1  serial.o(.data)
    usart2_rx_index                          0x20000030   Data           4  serial.o(.data)
    usart2_rx_flag                           0x20000034   Data           1  serial.o(.data)
    MQTT_MessageCallback                     0x20000038   Data           4  esp8266-01s.o(.data)
    usart1_rx_buffer                         0x2000003c   Data        1024  serial.o(.bss)
    usart2_rx_buffer                         0x2000043c   Data        1024  serial.o(.bss)
    Usart_Receive_Buff                       0x2000083c   Data        1024  serial.o(.bss)
    Usart_buff                               0x20000c3c   Data        1024  serial.o(.bss)
    mqtt_topic_buffer                        0x2000103c   Data         128  esp8266-01s.o(.bss)
    mqtt_payload_buffer                      0x200010bc   Data        1024  esp8266-01s.o(.bss)
    full_json                                0x200014bc   Data        1024  esp8266-01s.o(.bss)
    __libspace_start                         0x200018bc   Data          96  libspace.o(.bss)
    __temporary_stack_top$libspace           0x2000191c   Data           0  libspace.o(.bss)



==============================================================================

Memory Map of the image

  Image Entry point : 0x080000ed

  Load Region LR_IROM1 (Base: 0x08000000, Size: 0x00005f80, Max: 0x00010000, ABSOLUTE)

    Execution Region ER_IROM1 (Base: 0x08000000, Size: 0x00005f44, Max: 0x00010000, ABSOLUTE)

    Base Addr    Size         Type   Attr      Idx    E Section Name        Object

    0x08000000   0x000000ec   Data   RO           19    RESET               startup_stm32f10x_md.o
    0x080000ec   0x00000008   Code   RO         4578  * !!!main             c_w.l(__main.o)
    0x080000f4   0x00000034   Code   RO         5017    !!!scatter          c_w.l(__scatter.o)
    0x08000128   0x0000001a   Code   RO         5019    !!handler_copy      c_w.l(__scatter_copy.o)
    0x08000142   0x00000002   PAD
    0x08000144   0x0000001c   Code   RO         5021    !!handler_zi        c_w.l(__scatter_zi.o)
    0x08000160   0x00000000   Code   RO         4551    .ARM.Collect$$_printf_percent$$00000000  c_w.l(_printf_percent.o)
    0x08000160   0x00000006   Code   RO         4672    .ARM.Collect$$_printf_percent$$00000001  c_w.l(_printf_n.o)
    0x08000166   0x00000006   Code   RO         4673    .ARM.Collect$$_printf_percent$$00000002  c_w.l(_printf_p.o)
    0x0800016c   0x00000006   Code   RO         4676    .ARM.Collect$$_printf_percent$$00000003  c_w.l(_printf_f.o)
    0x08000172   0x00000006   Code   RO         4677    .ARM.Collect$$_printf_percent$$00000004  c_w.l(_printf_e.o)
    0x08000178   0x00000006   Code   RO         4550    .ARM.Collect$$_printf_percent$$00000005  c_w.l(_printf_g.o)
    0x0800017e   0x00000006   Code   RO         4678    .ARM.Collect$$_printf_percent$$00000006  c_w.l(_printf_a.o)
    0x08000184   0x0000000a   Code   RO         4683    .ARM.Collect$$_printf_percent$$00000007  c_w.l(_printf_ll.o)
    0x0800018e   0x00000006   Code   RO         4548    .ARM.Collect$$_printf_percent$$00000008  c_w.l(_printf_i.o)
    0x08000194   0x00000006   Code   RO         4549    .ARM.Collect$$_printf_percent$$00000009  c_w.l(_printf_d.o)
    0x0800019a   0x00000006   Code   RO         4675    .ARM.Collect$$_printf_percent$$0000000A  c_w.l(_printf_u.o)
    0x080001a0   0x00000006   Code   RO         4674    .ARM.Collect$$_printf_percent$$0000000B  c_w.l(_printf_o.o)
    0x080001a6   0x00000006   Code   RO         4547    .ARM.Collect$$_printf_percent$$0000000C  c_w.l(_printf_x.o)
    0x080001ac   0x00000006   Code   RO         4680    .ARM.Collect$$_printf_percent$$0000000D  c_w.l(_printf_lli.o)
    0x080001b2   0x00000006   Code   RO         4681    .ARM.Collect$$_printf_percent$$0000000E  c_w.l(_printf_lld.o)
    0x080001b8   0x00000006   Code   RO         4682    .ARM.Collect$$_printf_percent$$0000000F  c_w.l(_printf_llu.o)
    0x080001be   0x00000006   Code   RO         4687    .ARM.Collect$$_printf_percent$$00000010  c_w.l(_printf_llo.o)
    0x080001c4   0x00000006   Code   RO         4688    .ARM.Collect$$_printf_percent$$00000011  c_w.l(_printf_llx.o)
    0x080001ca   0x0000000a   Code   RO         4684    .ARM.Collect$$_printf_percent$$00000012  c_w.l(_printf_l.o)
    0x080001d4   0x00000006   Code   RO         4671    .ARM.Collect$$_printf_percent$$00000013  c_w.l(_printf_c.o)
    0x080001da   0x00000006   Code   RO         4546    .ARM.Collect$$_printf_percent$$00000014  c_w.l(_printf_s.o)
    0x080001e0   0x00000006   Code   RO         4685    .ARM.Collect$$_printf_percent$$00000015  c_w.l(_printf_lc.o)
    0x080001e6   0x00000006   Code   RO         4686    .ARM.Collect$$_printf_percent$$00000016  c_w.l(_printf_ls.o)
    0x080001ec   0x00000004   Code   RO         4679    .ARM.Collect$$_printf_percent$$00000017  c_w.l(_printf_percent_end.o)
    0x080001f0   0x00000002   Code   RO         4907    .ARM.Collect$$libinit$$00000000  c_w.l(libinit.o)
    0x080001f2   0x00000000   Code   RO         4702    .ARM.Collect$$libinit$$00000002  c_w.l(libinit2.o)
    0x080001f2   0x00000000   Code   RO         4704    .ARM.Collect$$libinit$$00000004  c_w.l(libinit2.o)
    0x080001f2   0x00000008   Code   RO         4705    .ARM.Collect$$libinit$$00000005  c_w.l(libinit2.o)
    0x080001fa   0x00000000   Code   RO         4707    .ARM.Collect$$libinit$$0000000A  c_w.l(libinit2.o)
    0x080001fa   0x00000000   Code   RO         4709    .ARM.Collect$$libinit$$0000000C  c_w.l(libinit2.o)
    0x080001fa   0x00000000   Code   RO         4711    .ARM.Collect$$libinit$$0000000E  c_w.l(libinit2.o)
    0x080001fa   0x00000006   Code   RO         4712    .ARM.Collect$$libinit$$0000000F  c_w.l(libinit2.o)
    0x08000200   0x00000000   Code   RO         4714    .ARM.Collect$$libinit$$00000011  c_w.l(libinit2.o)
    0x08000200   0x0000000c   Code   RO         4715    .ARM.Collect$$libinit$$00000012  c_w.l(libinit2.o)
    0x0800020c   0x00000000   Code   RO         4716    .ARM.Collect$$libinit$$00000013  c_w.l(libinit2.o)
    0x0800020c   0x00000000   Code   RO         4718    .ARM.Collect$$libinit$$00000015  c_w.l(libinit2.o)
    0x0800020c   0x0000000a   Code   RO         4719    .ARM.Collect$$libinit$$00000016  c_w.l(libinit2.o)
    0x08000216   0x00000000   Code   RO         4720    .ARM.Collect$$libinit$$00000017  c_w.l(libinit2.o)
    0x08000216   0x00000000   Code   RO         4722    .ARM.Collect$$libinit$$00000019  c_w.l(libinit2.o)
    0x08000216   0x00000000   Code   RO         4724    .ARM.Collect$$libinit$$0000001B  c_w.l(libinit2.o)
    0x08000216   0x00000000   Code   RO         4726    .ARM.Collect$$libinit$$0000001D  c_w.l(libinit2.o)
    0x08000216   0x00000000   Code   RO         4728    .ARM.Collect$$libinit$$0000001F  c_w.l(libinit2.o)
    0x08000216   0x00000000   Code   RO         4730    .ARM.Collect$$libinit$$00000021  c_w.l(libinit2.o)
    0x08000216   0x00000000   Code   RO         4732    .ARM.Collect$$libinit$$00000023  c_w.l(libinit2.o)
    0x08000216   0x00000000   Code   RO         4734    .ARM.Collect$$libinit$$00000025  c_w.l(libinit2.o)
    0x08000216   0x00000000   Code   RO         4738    .ARM.Collect$$libinit$$0000002C  c_w.l(libinit2.o)
    0x08000216   0x00000000   Code   RO         4740    .ARM.Collect$$libinit$$0000002E  c_w.l(libinit2.o)
    0x08000216   0x00000000   Code   RO         4742    .ARM.Collect$$libinit$$00000030  c_w.l(libinit2.o)
    0x08000216   0x00000000   Code   RO         4744    .ARM.Collect$$libinit$$00000032  c_w.l(libinit2.o)
    0x08000216   0x00000002   Code   RO         4745    .ARM.Collect$$libinit$$00000033  c_w.l(libinit2.o)
    0x08000218   0x00000002   Code   RO         5006    .ARM.Collect$$libshutdown$$00000000  c_w.l(libshutdown.o)
    0x0800021a   0x00000000   Code   RO         4929    .ARM.Collect$$libshutdown$$00000002  c_w.l(libshutdown2.o)
    0x0800021a   0x00000000   Code   RO         4931    .ARM.Collect$$libshutdown$$00000004  c_w.l(libshutdown2.o)
    0x0800021a   0x00000000   Code   RO         4934    .ARM.Collect$$libshutdown$$00000007  c_w.l(libshutdown2.o)
    0x0800021a   0x00000000   Code   RO         4937    .ARM.Collect$$libshutdown$$0000000A  c_w.l(libshutdown2.o)
    0x0800021a   0x00000000   Code   RO         4939    .ARM.Collect$$libshutdown$$0000000C  c_w.l(libshutdown2.o)
    0x0800021a   0x00000000   Code   RO         4942    .ARM.Collect$$libshutdown$$0000000F  c_w.l(libshutdown2.o)
    0x0800021a   0x00000002   Code   RO         4943    .ARM.Collect$$libshutdown$$00000010  c_w.l(libshutdown2.o)
    0x0800021c   0x00000000   Code   RO         4616    .ARM.Collect$$rtentry$$00000000  c_w.l(__rtentry.o)
    0x0800021c   0x00000000   Code   RO         4767    .ARM.Collect$$rtentry$$00000002  c_w.l(__rtentry2.o)
    0x0800021c   0x00000006   Code   RO         4779    .ARM.Collect$$rtentry$$00000004  c_w.l(__rtentry4.o)
    0x08000222   0x00000000   Code   RO         4769    .ARM.Collect$$rtentry$$00000009  c_w.l(__rtentry2.o)
    0x08000222   0x00000004   Code   RO         4770    .ARM.Collect$$rtentry$$0000000A  c_w.l(__rtentry2.o)
    0x08000226   0x00000000   Code   RO         4772    .ARM.Collect$$rtentry$$0000000C  c_w.l(__rtentry2.o)
    0x08000226   0x00000008   Code   RO         4773    .ARM.Collect$$rtentry$$0000000D  c_w.l(__rtentry2.o)
    0x0800022e   0x00000002   Code   RO         4916    .ARM.Collect$$rtexit$$00000000  c_w.l(rtexit.o)
    0x08000230   0x00000000   Code   RO         4963    .ARM.Collect$$rtexit$$00000002  c_w.l(rtexit2.o)
    0x08000230   0x00000004   Code   RO         4964    .ARM.Collect$$rtexit$$00000003  c_w.l(rtexit2.o)
    0x08000234   0x00000006   Code   RO         4965    .ARM.Collect$$rtexit$$00000004  c_w.l(rtexit2.o)
    0x0800023a   0x00000002   PAD
    0x0800023c   0x00000000   Code   RO         4793    .emb_text           c_w.l(maybetermalloc1.o)
    0x0800023c   0x00000040   Code   RO           20    .text               startup_stm32f10x_md.o
    0x0800027c   0x0000005e   Code   RO         4423    .text               c_w.l(h1_alloc.o)
    0x080002da   0x0000004e   Code   RO         4425    .text               c_w.l(h1_free.o)
    0x08000328   0x000000b8   Code   RO         4427    .text               c_w.l(h1_realloc.o)
    0x080003e0   0x0000001a   Code   RO         4485    .text               c_w.l(tolower.o)
    0x080003fa   0x00000002   PAD
    0x080003fc   0x00000024   Code   RO         4487    .text               c_w.l(vsprintf.o)
    0x08000420   0x0000002c   Code   RO         4489    .text               c_w.l(__2sprintf.o)
    0x0800044c   0x00000038   Code   RO         4491    .text               c_w.l(__2snprintf.o)
    0x08000484   0x0000004e   Code   RO         4499    .text               c_w.l(_printf_pad.o)
    0x080004d2   0x00000052   Code   RO         4501    .text               c_w.l(_printf_str.o)
    0x08000524   0x00000078   Code   RO         4503    .text               c_w.l(_printf_dec.o)
    0x0800059c   0x00000094   Code   RO         4523    .text               c_w.l(_printf_hex_int_ll_ptr.o)
    0x08000630   0x00000188   Code   RO         4543    .text               c_w.l(__printf_flags_ss_wp.o)
    0x080007b8   0x0000003c   Code   RO         4552    .text               c_w.l(__0sscanf.o)
    0x080007f4   0x0000014c   Code   RO         4554    .text               c_w.l(_scanf_int.o)
    0x08000940   0x000000e0   Code   RO         4556    .text               c_w.l(_scanf_str.o)
    0x08000a20   0x00000024   Code   RO         4558    .text               c_w.l(strstr.o)
    0x08000a44   0x0000003e   Code   RO         4562    .text               c_w.l(strlen.o)
    0x08000a82   0x00000096   Code   RO         4564    .text               c_w.l(strncmp.o)
    0x08000b18   0x0000008a   Code   RO         4566    .text               c_w.l(rt_memcpy_v6.o)
    0x08000ba2   0x00000064   Code   RO         4568    .text               c_w.l(rt_memcpy_w.o)
    0x08000c06   0x00000044   Code   RO         4570    .text               c_w.l(rt_memclr.o)
    0x08000c4a   0x0000004e   Code   RO         4572    .text               c_w.l(rt_memclr_w.o)
    0x08000c98   0x00000080   Code   RO         4574    .text               c_w.l(strcmpv7m.o)
    0x08000d18   0x00000006   Code   RO         4576    .text               c_w.l(heapauxi.o)
    0x08000d1e   0x00000002   PAD
    0x08000d20   0x00000010   Code   RO         4617    .text               c_w.l(rt_ctype_table.o)
    0x08000d30   0x00000008   Code   RO         4622    .text               c_w.l(rt_heap_descriptor_intlibspace.o)
    0x08000d38   0x00000004   Code   RO         4624    .text               c_w.l(hguard.o)
    0x08000d3c   0x0000008a   Code   RO         4626    .text               c_w.l(init_alloc.o)
    0x08000dc6   0x0000000e   Code   RO         4630    .text               c_w.l(h1_init.o)
    0x08000dd4   0x00000024   Code   RO         4644    .text               c_w.l(_printf_truncate.o)
    0x08000df8   0x000000b2   Code   RO         4646    .text               c_w.l(_printf_intcommon.o)
    0x08000eaa   0x00000028   Code   RO         4648    .text               c_w.l(_printf_charcount.o)
    0x08000ed2   0x0000041a   Code   RO         4650    .text               c_w.l(_printf_fp_dec.o)
    0x080012ec   0x00000030   Code   RO         4652    .text               c_w.l(_printf_char_common.o)
    0x0800131c   0x0000000a   Code   RO         4654    .text               c_w.l(_sputc.o)
    0x08001326   0x00000010   Code   RO         4656    .text               c_w.l(_snputc.o)
    0x08001336   0x0000002c   Code   RO         4658    .text               c_w.l(_printf_char.o)
    0x08001362   0x00000002   PAD
    0x08001364   0x000000bc   Code   RO         4660    .text               c_w.l(_printf_wctomb.o)
    0x08001420   0x0000007c   Code   RO         4663    .text               c_w.l(_printf_longlong_dec.o)
    0x0800149c   0x00000070   Code   RO         4669    .text               c_w.l(_printf_oct_int_ll.o)
    0x0800150c   0x0000001c   Code   RO         4689    .text               c_w.l(_chval.o)
    0x08001528   0x000004a4   Code   RO         4691    .text               c_w.l(scanf_fp.o)
    0x080019cc   0x0000002c   Code   RO         4693    .text               c_w.l(scanf_char.o)
    0x080019f8   0x00000040   Code   RO         4695    .text               c_w.l(_sgetc.o)
    0x08001a38   0x000000a4   Code   RO         4697    .text               c_w.l(strtod.o)
    0x08001adc   0x00000008   Code   RO         4763    .text               c_w.l(libspace.o)
    0x08001ae4   0x00000008   Code   RO         4784    .text               c_w.l(rt_locale_intlibspace.o)
    0x08001aec   0x00000008   Code   RO         4789    .text               c_w.l(rt_errno_addr_intlibspace.o)
    0x08001af4   0x00000034   Code   RO         4795    .text               c_w.l(h1_extend.o)
    0x08001b28   0x0000008a   Code   RO         4799    .text               c_w.l(lludiv10.o)
    0x08001bb2   0x00000012   Code   RO         4801    .text               c_w.l(isspace.o)
    0x08001bc4   0x000002fc   Code   RO         4803    .text               c_w.l(_printf_fp_hex.o)
    0x08001ec0   0x00000080   Code   RO         4806    .text               c_w.l(_printf_fp_infnan.o)
    0x08001f40   0x0000002c   Code   RO         4810    .text               c_w.l(_printf_wchar.o)
    0x08001f6c   0x00000374   Code   RO         4812    .text               c_w.l(_scanf.o)
    0x080022e0   0x000000dc   Code   RO         4814    .text               c_w.l(bigflt0.o)
    0x080023bc   0x00000040   Code   RO         4839    .text               c_w.l(_wcrtomb.o)
    0x080023fc   0x0000000e   Code   RO         4847    .text               c_w.l(defsig_rtmem_outer.o)
    0x0800240a   0x00000002   Code   RO         4877    .text               c_w.l(use_no_semi.o)
    0x0800240c   0x00000000   Code   RO         4879    .text               c_w.l(indicate_semi.o)
    0x0800240c   0x0000004a   Code   RO         4880    .text               c_w.l(sys_stackheap_outer.o)
    0x08002456   0x00000016   Code   RO         4886    .text               c_w.l(_rserrno.o)
    0x0800246c   0x00000320   Code   RO         4888    .text               c_w.l(scanf_hexfp.o)
    0x0800278c   0x00000134   Code   RO         4890    .text               c_w.l(scanf_infnan.o)
    0x080028c0   0x00000012   Code   RO         4892    .text               c_w.l(exit.o)
    0x080028d2   0x0000000a   Code   RO         4894    .text               c_w.l(defsig_exit.o)
    0x080028dc   0x00000050   Code   RO         4896    .text               c_w.l(defsig_rtmem_inner.o)
    0x0800292c   0x0000000c   Code   RO         4914    .text               c_w.l(sys_exit.o)
    0x08002938   0x00000026   Code   RO         4922    .text               c_w.l(llshl.o)
    0x0800295e   0x00000032   Code   RO         4926    .text               c_w.l(defsig_general.o)
    0x08002990   0x0000000e   Code   RO         4960    .text               c_w.l(sys_wrch.o)
    0x0800299e   0x0000003e   Code   RO         4817    CL$$btod_d2e        c_w.l(btod.o)
    0x080029dc   0x00000046   Code   RO         4819    CL$$btod_d2e_denorm_low  c_w.l(btod.o)
    0x08002a22   0x00000060   Code   RO         4818    CL$$btod_d2e_norm_op1  c_w.l(btod.o)
    0x08002a82   0x00000338   Code   RO         4827    CL$$btod_div_common  c_w.l(btod.o)
    0x08002dba   0x00000002   PAD
    0x08002dbc   0x00000054   Code   RO         4825    CL$$btod_e2d        c_w.l(btod.o)
    0x08002e10   0x000000c6   Code   RO         4824    CL$$btod_e2e        c_w.l(btod.o)
    0x08002ed6   0x00000028   Code   RO         4821    CL$$btod_ediv       c_w.l(btod.o)
    0x08002efe   0x00000028   Code   RO         4823    CL$$btod_edivd      c_w.l(btod.o)
    0x08002f26   0x00000028   Code   RO         4820    CL$$btod_emul       c_w.l(btod.o)
    0x08002f4e   0x00000028   Code   RO         4822    CL$$btod_emuld      c_w.l(btod.o)
    0x08002f76   0x00000244   Code   RO         4826    CL$$btod_mult_common  c_w.l(btod.o)
    0x080031ba   0x00000004   Code   RO         4306    i.BusFault_Handler  stm32f10x_it.o
    0x080031be   0x00000002   Code   RO         4307    i.DebugMon_Handler  stm32f10x_it.o
    0x080031c0   0x00000018   Code   RO         3878    i.Delay_ms          delay.o
    0x080031d8   0x0000002e   Code   RO         3880    i.Delay_us          delay.o
    0x08003206   0x00000002   PAD
    0x08003208   0x00000348   Code   RO         4180    i.ESP8266_ConnectMQTT  esp8266-01s.o
    0x08003550   0x0000000c   Code   RO         4181    i.ESP8266_Init      esp8266-01s.o
    0x0800355c   0x0000010c   Code   RO         4182    i.ESP8266_ProcessReceivedMessage  esp8266-01s.o
    0x08003668   0x00000030   Code   RO         4183    i.ESP8266_RST_Init  esp8266-01s.o
    0x08003698   0x0000008c   Code   RO         4184    i.ESP8266_SendCmd   esp8266-01s.o
    0x08003724   0x0000000c   Code   RO         4185    i.ESP8266_SetMessageCallback  esp8266-01s.o
    0x08003730   0x00000116   Code   RO         1347    i.GPIO_Init         stm32f10x_gpio.o
    0x08003846   0x00000004   Code   RO         1355    i.GPIO_SetBits      stm32f10x_gpio.o
    0x0800384a   0x0000000a   Code   RO         1358    i.GPIO_WriteBit     stm32f10x_gpio.o
    0x08003854   0x00000004   Code   RO         4308    i.HardFault_Handler  stm32f10x_it.o
    0x08003858   0x000000bc   Code   RO         4186    i.MQTT_Publish      esp8266-01s.o
    0x08003914   0x00000098   Code   RO         4187    i.MQTT_Subscribe    esp8266-01s.o
    0x080039ac   0x00000004   Code   RO         4309    i.MemManage_Handler  stm32f10x_it.o
    0x080039b0   0x00000002   Code   RO         4310    i.NMI_Handler       stm32f10x_it.o
    0x080039b2   0x00000002   PAD
    0x080039b4   0x00000070   Code   RO          137    i.NVIC_Init         misc.o
    0x08003a24   0x00000014   Code   RO          138    i.NVIC_PriorityGroupConfig  misc.o
    0x08003a38   0x00000002   Code   RO         4311    i.PendSV_Handler    stm32f10x_it.o
    0x08003a3a   0x00000002   PAD
    0x08003a3c   0x00000020   Code   RO         1775    i.RCC_APB1PeriphClockCmd  stm32f10x_rcc.o
    0x08003a5c   0x00000020   Code   RO         1776    i.RCC_APB1PeriphResetCmd  stm32f10x_rcc.o
    0x08003a7c   0x00000020   Code   RO         1777    i.RCC_APB2PeriphClockCmd  stm32f10x_rcc.o
    0x08003a9c   0x00000020   Code   RO         1778    i.RCC_APB2PeriphResetCmd  stm32f10x_rcc.o
    0x08003abc   0x000000d4   Code   RO         1785    i.RCC_GetClocksFreq  stm32f10x_rcc.o
    0x08003b90   0x00000002   Code   RO         4312    i.SVC_Handler       stm32f10x_it.o
    0x08003b92   0x0000001e   Code   RO         4097    i.Serial_SendByte   serial.o
    0x08003bb0   0x0000001a   Code   RO         4098    i.Serial_SendString  serial.o
    0x08003bca   0x00000008   Code   RO           24    i.SetSysClock       system_stm32f10x.o
    0x08003bd2   0x00000002   PAD
    0x08003bd4   0x000000e0   Code   RO           25    i.SetSysClockTo72   system_stm32f10x.o
    0x08003cb4   0x00000002   Code   RO         4313    i.SysTick_Handler   stm32f10x_it.o
    0x08003cb6   0x00000002   PAD
    0x08003cb8   0x00000060   Code   RO           27    i.SystemInit        system_stm32f10x.o
    0x08003d18   0x00000080   Code   RO         4099    i.USART1_IRQHandler  serial.o
    0x08003d98   0x000000cc   Code   RO         4100    i.USART1_Init       serial.o
    0x08003e64   0x00000080   Code   RO         4101    i.USART2_IRQHandler  serial.o
    0x08003ee4   0x000000c8   Code   RO         4102    i.USART2_Init       serial.o
    0x08003fac   0x00000012   Code   RO         2956    i.USART_ClearFlag   stm32f10x_usart.o
    0x08003fbe   0x0000001e   Code   RO         2957    i.USART_ClearITPendingBit  stm32f10x_usart.o
    0x08003fdc   0x00000018   Code   RO         2960    i.USART_Cmd         stm32f10x_usart.o
    0x08003ff4   0x0000009c   Code   RO         2962    i.USART_DeInit      stm32f10x_usart.o
    0x08004090   0x0000001a   Code   RO         2963    i.USART_GetFlagStatus  stm32f10x_usart.o
    0x080040aa   0x00000054   Code   RO         2964    i.USART_GetITStatus  stm32f10x_usart.o
    0x080040fe   0x0000004a   Code   RO         2966    i.USART_ITConfig    stm32f10x_usart.o
    0x08004148   0x000000d8   Code   RO         2967    i.USART_Init        stm32f10x_usart.o
    0x08004220   0x0000000a   Code   RO         2974    i.USART_ReceiveData  stm32f10x_usart.o
    0x0800422a   0x00000008   Code   RO         2977    i.USART_SendData    stm32f10x_usart.o
    0x08004232   0x00000004   Code   RO         4314    i.UsageFault_Handler  stm32f10x_it.o
    0x08004236   0x00000028   Code   RO         4869    i.__ARM_fpclassify  m_ws.l(fpclassify.o)
    0x0800425e   0x0000000e   Code   RO         4977    i.__mathlib_dbl_overflow  m_ws.l(dunder.o)
    0x0800426c   0x00000010   Code   RO         4979    i.__mathlib_dbl_underflow  m_ws.l(dunder.o)
    0x0800427c   0x00000010   Code   RO         4871    i.__mathlib_narrow  m_ws.l(narrow.o)
    0x0800428c   0x00000088   Code   RO         4872    i.__mathlib_tofloat  m_ws.l(narrow.o)
    0x08004314   0x00000016   Code   RO         4949    i.__support_ldexp   m_ws.l(ldexp.o)
    0x0800432a   0x0000000e   Code   RO         4536    i._is_digit         c_w.l(__printf_wp.o)
    0x08004338   0x00000048   Code   RO         3198    i.buffer_skip_whitespace  cjson.o
    0x08004380   0x00000060   Code   RO         3230    i.cJSON_Delete      cjson.o
    0x080043e0   0x00000010   Code   RO         3242    i.cJSON_GetErrorPtr  cjson.o
    0x080043f0   0x00000012   Code   RO         3245    i.cJSON_GetObjectItemCaseSensitive  cjson.o
    0x08004402   0x00000018   Code   RO         3251    i.cJSON_IsBool      cjson.o
    0x0800441a   0x00000016   Code   RO         3255    i.cJSON_IsNumber    cjson.o
    0x08004430   0x00000016   Code   RO         3256    i.cJSON_IsObject    cjson.o
    0x08004446   0x00000016   Code   RO         3258    i.cJSON_IsString    cjson.o
    0x0800445c   0x00000016   Code   RO         3259    i.cJSON_IsTrue      cjson.o
    0x08004472   0x0000001a   Code   RO         3261    i.cJSON_New_Item    cjson.o
    0x0800448c   0x00000010   Code   RO         3262    i.cJSON_Parse       cjson.o
    0x0800449c   0x000000d4   Code   RO         3264    i.cJSON_ParseWithLengthOpts  cjson.o
    0x08004570   0x00000028   Code   RO         3265    i.cJSON_ParseWithOpts  cjson.o
    0x08004598   0x00000048   Code   RO         3280    i.case_insensitive_strcmp  cjson.o
    0x080045e0   0x00000058   Code   RO         4911    i.frexp             m_ws.l(frexp.o)
    0x08004638   0x00000004   Code   RO         3286    i.get_decimal_point  cjson.o
    0x0800463c   0x00000052   Code   RO         3287    i.get_object_item   cjson.o
    0x0800468e   0x00000002   PAD
    0x08004690   0x00000070   Code   RO         4188    i.handle_mqtt_message  esp8266-01s.o
    0x08004700   0x00000074   Code   RO         4950    i.ldexp             m_ws.l(ldexp.o)
    0x08004774   0x000000c8   Code   RO         4285    i.main              main.o
    0x0800483c   0x00000034   Code   RO         4106    i.my_printf         serial.o
    0x08004870   0x000000f8   Code   RO         3289    i.parse_array       cjson.o
    0x08004968   0x0000008c   Code   RO         4369    i.parse_control_command  json_parser.o
    0x080049f4   0x00000174   Code   RO         4370    i.parse_dim_command  json_parser.o
    0x08004b68   0x0000005a   Code   RO         3290    i.parse_hex4        cjson.o
    0x08004bc2   0x00000002   PAD
    0x08004bc4   0x00000170   Code   RO         3291    i.parse_number      cjson.o
    0x08004d34   0x0000014c   Code   RO         3292    i.parse_object      cjson.o
    0x08004e80   0x000003dc   Code   RO         4371    i.parse_status_command  json_parser.o
    0x0800525c   0x0000018e   Code   RO         3293    i.parse_string      cjson.o
    0x080053ea   0x00000002   PAD
    0x080053ec   0x00000178   Code   RO         4372    i.parse_switch_command  json_parser.o
    0x08005564   0x0000013c   Code   RO         3294    i.parse_value       cjson.o
    0x080056a0   0x0000003c   Code   RO         3305    i.skip_utf8_bom     cjson.o
    0x080056dc   0x0000001c   Code   RO         4611    i.strtod            m_ws.l(strtod.o)
    0x080056f8   0x0000012c   Code   RO         3308    i.utf16_literal_to_utf8  cjson.o
    0x08005824   0x0000002c   Code   RO         4842    locale$$code        c_w.l(lc_ctype_c.o)
    0x08005850   0x0000002c   Code   RO         4845    locale$$code        c_w.l(lc_numeric_c.o)
    0x0800587c   0x00000062   Code   RO         4908    x$fpl$d2f           fz_ws.l(d2f.o)
    0x080058de   0x00000002   PAD
    0x080058e0   0x00000010   Code   RO         4971    x$fpl$dcheck1       fz_ws.l(dcheck1.o)
    0x080058f0   0x00000018   Code   RO         4746    x$fpl$dcmpinf       fz_ws.l(dcmpi.o)
    0x08005908   0x00000078   Code   RO         4586    x$fpl$deqf          fz_ws.l(deqf.o)
    0x08005980   0x0000005e   Code   RO         4588    x$fpl$dfix          fz_ws.l(dfix.o)
    0x080059de   0x00000002   PAD
    0x080059e0   0x00000078   Code   RO         4598    x$fpl$dleqf         fz_ws.l(dleqf.o)
    0x08005a58   0x0000009c   Code   RO         4748    x$fpl$dnaninf       fz_ws.l(dnaninf.o)
    0x08005af4   0x0000006c   Code   RO         4602    x$fpl$drleqf        fz_ws.l(drleqf.o)
    0x08005b60   0x0000000a   Code   RO         4944    x$fpl$fretinf       fz_ws.l(fretinf.o)
    0x08005b6a   0x00000004   Code   RO         4606    x$fpl$printf1       fz_ws.l(printf1.o)
    0x08005b6e   0x00000004   Code   RO         4754    x$fpl$printf2       fz_ws.l(printf2.o)
    0x08005b72   0x00000064   Code   RO         5011    x$fpl$retnan        fz_ws.l(retnan.o)
    0x08005bd6   0x0000005c   Code   RO         4946    x$fpl$scalbn        fz_ws.l(scalbn.o)
    0x08005c32   0x00000004   Code   RO         4608    x$fpl$scanf1        fz_ws.l(scanf1.o)
    0x08005c36   0x00000008   Code   RO         4863    x$fpl$scanf2        fz_ws.l(scanf2.o)
    0x08005c3e   0x00000030   Code   RO         5013    x$fpl$trapveneer    fz_ws.l(trapv.o)
    0x08005c6e   0x00000000   Code   RO         4760    x$fpl$usenofp       fz_ws.l(usenofp.o)
    0x08005c6e   0x00000028   Data   RO         4524    .constdata          c_w.l(_printf_hex_int_ll_ptr.o)
    0x08005c96   0x00000011   Data   RO         4544    .constdata          c_w.l(__printf_flags_ss_wp.o)
    0x08005ca7   0x00000001   PAD
    0x08005ca8   0x00000008   Data   RO         4661    .constdata          c_w.l(_printf_wctomb.o)
    0x08005cb0   0x00000026   Data   RO         4804    .constdata          c_w.l(_printf_fp_hex.o)
    0x08005cd6   0x00000002   PAD
    0x08005cd8   0x00000094   Data   RO         4815    .constdata          c_w.l(bigflt0.o)
    0x08005d6c   0x00000082   Data   RO         4286    .conststring        main.o
    0x08005dee   0x00000002   PAD
    0x08005df0   0x00000020   Data   RO         5015    Region$$Table       anon$$obj.o
    0x08005e10   0x00000008   Data   RO         4856    c$$dinf             fz_ws.l(fpconst.o)
    0x08005e18   0x00000110   Data   RO         4841    locale$$data        c_w.l(lc_ctype_c.o)
    0x08005f28   0x0000001c   Data   RO         4844    locale$$data        c_w.l(lc_numeric_c.o)


    Execution Region RW_IRAM1 (Base: 0x20000000, Size: 0x00001f20, Max: 0x00005000, ABSOLUTE)

    Base Addr    Size         Type   Attr      Idx    E Section Name        Object

    0x20000000   0x00000014   Data   RW         1805    .data               stm32f10x_rcc.o
    0x20000014   0x00000014   Data   RW         3310    .data               cjson.o
    0x20000028   0x0000000d   Data   RW         4108    .data               serial.o
    0x20000035   0x00000003   PAD
    0x20000038   0x00000004   Data   RW         4190    .data               esp8266-01s.o
    0x2000003c   0x00001000   Zero   RW         4107    .bss                serial.o
    0x2000103c   0x00000880   Zero   RW         4189    .bss                esp8266-01s.o
    0x200018bc   0x00000060   Zero   RW         4764    .bss                c_w.l(libspace.o)
    0x2000191c   0x00000004   PAD
    0x20001920   0x00000200   Zero   RW           18    HEAP                startup_stm32f10x_md.o
    0x20001b20   0x00000400   Zero   RW           17    STACK               startup_stm32f10x_md.o


==============================================================================

Image component sizes


      Code (inc. data)   RO Data    RW Data    ZI Data      Debug   Object Name

      2878         70          0         20          0      22255   cjson.o
         0          0          0          0          0       4548   core_cm3.o
        70          0          0          0          0       1050   delay.o
      1772       1064          0          4       2176       6845   esp8266-01s.o
      1876        918          0          0          0       6678   json_parser.o
       200        102        130          0          0        543   main.o
       132         22          0          0          0     205059   misc.o
       768         52          0         13       4096       6158   serial.o
        64         26        236          0       1536        852   startup_stm32f10x_md.o
         0          0          0          0          0       1720   stm32f10x_adc.o
       292          0          0          0          0      11547   stm32f10x_gpio.o
        26          0          0          0          0       4286   stm32f10x_it.o
       340         44          0         20          0      14528   stm32f10x_rcc.o
       646         28          0          0          0      14312   stm32f10x_usart.o
       328         28          0          0          0      25321   system_stm32f10x.o

    ----------------------------------------------------------------------
      9408       2354        400         60       7808     325702   Object Totals
         0          0         32          0          0          0   (incl. Generated)
        16          0          2          3          0          0   (incl. Padding)

    ----------------------------------------------------------------------

      Code (inc. data)   RO Data    RW Data    ZI Data      Debug   Library Member Name

        60          8          0          0          0         84   __0sscanf.o
        56          6          0          0          0         88   __2snprintf.o
        44          6          0          0          0         84   __2sprintf.o
         8          0          0          0          0         68   __main.o
       392          4         17          0          0         92   __printf_flags_ss_wp.o
        14          0          0          0          0         68   __printf_wp.o
         0          0          0          0          0          0   __rtentry.o
        12          0          0          0          0          0   __rtentry2.o
         6          0          0          0          0          0   __rtentry4.o
        52          8          0          0          0          0   __scatter.o
        26          0          0          0          0          0   __scatter_copy.o
        28          0          0          0          0          0   __scatter_zi.o
        28          0          0          0          0         68   _chval.o
         6          0          0          0          0          0   _printf_a.o
         6          0          0          0          0          0   _printf_c.o
        44          0          0          0          0        108   _printf_char.o
        48          6          0          0          0         96   _printf_char_common.o
        40          0          0          0          0         68   _printf_charcount.o
         6          0          0          0          0          0   _printf_d.o
       120         16          0          0          0         92   _printf_dec.o
         6          0          0          0          0          0   _printf_e.o
         6          0          0          0          0          0   _printf_f.o
      1050          0          0          0          0        216   _printf_fp_dec.o
       764          8         38          0          0        100   _printf_fp_hex.o
       128         16          0          0          0         84   _printf_fp_infnan.o
         6          0          0          0          0          0   _printf_g.o
       148          4         40          0          0        160   _printf_hex_int_ll_ptr.o
         6          0          0          0          0          0   _printf_i.o
       178          0          0          0          0         88   _printf_intcommon.o
        10          0          0          0          0          0   _printf_l.o
         6          0          0          0          0          0   _printf_lc.o
        10          0          0          0          0          0   _printf_ll.o
         6          0          0          0          0          0   _printf_lld.o
         6          0          0          0          0          0   _printf_lli.o
         6          0          0          0          0          0   _printf_llo.o
         6          0          0          0          0          0   _printf_llu.o
         6          0          0          0          0          0   _printf_llx.o
       124         16          0          0          0         92   _printf_longlong_dec.o
         6          0          0          0          0          0   _printf_ls.o
         6          0          0          0          0          0   _printf_n.o
         6          0          0          0          0          0   _printf_o.o
       112         10          0          0          0        124   _printf_oct_int_ll.o
         6          0          0          0          0          0   _printf_p.o
        78          0          0          0          0        108   _printf_pad.o
         0          0          0          0          0          0   _printf_percent.o
         4          0          0          0          0          0   _printf_percent_end.o
         6          0          0          0          0          0   _printf_s.o
        82          0          0          0          0         80   _printf_str.o
        36          0          0          0          0         84   _printf_truncate.o
         6          0          0          0          0          0   _printf_u.o
        44          0          0          0          0        108   _printf_wchar.o
       188          6          8          0          0         92   _printf_wctomb.o
         6          0          0          0          0          0   _printf_x.o
        22          0          0          0          0        100   _rserrno.o
       884          6          0          0          0        100   _scanf.o
       332          0          0          0          0         96   _scanf_int.o
       224          0          0          0          0         96   _scanf_str.o
        64          0          0          0          0         84   _sgetc.o
        16          0          0          0          0         68   _snputc.o
        10          0          0          0          0         68   _sputc.o
        64          0          0          0          0         92   _wcrtomb.o
       220          4        148          0          0         96   bigflt0.o
      2074        132          0          0          0        940   btod.o
        10          0          0          0          0         68   defsig_exit.o
        50          0          0          0          0         88   defsig_general.o
        80         58          0          0          0         76   defsig_rtmem_inner.o
        14          0          0          0          0         80   defsig_rtmem_outer.o
        18          0          0          0          0         80   exit.o
        94          0          0          0          0         80   h1_alloc.o
        52          0          0          0          0         68   h1_extend.o
        78          0          0          0          0         80   h1_free.o
        14          0          0          0          0         84   h1_init.o
       184          0          0          0          0         92   h1_realloc.o
         6          0          0          0          0        152   heapauxi.o
         4          0          0          0          0        136   hguard.o
         0          0          0          0          0          0   indicate_semi.o
       138          0          0          0          0        168   init_alloc.o
        18          0          0          0          0         76   isspace.o
        44         10        272          0          0         76   lc_ctype_c.o
        44         10         28          0          0         76   lc_numeric_c.o
         2          0          0          0          0          0   libinit.o
        38          0          0          0          0          0   libinit2.o
         2          0          0          0          0          0   libshutdown.o
         2          0          0          0          0          0   libshutdown2.o
         8          4          0          0         96         68   libspace.o
        38          0          0          0          0         68   llshl.o
       138          0          0          0          0         80   lludiv10.o
         0          0          0          0          0          0   maybetermalloc1.o
        16          4          0          0          0         76   rt_ctype_table.o
         8          4          0          0          0         68   rt_errno_addr_intlibspace.o
         8          4          0          0          0         68   rt_heap_descriptor_intlibspace.o
         8          4          0          0          0         68   rt_locale_intlibspace.o
        68          0          0          0          0         68   rt_memclr.o
        78          0          0          0          0         80   rt_memclr_w.o
       138          0          0          0          0         68   rt_memcpy_v6.o
       100          0          0          0          0         80   rt_memcpy_w.o
         2          0          0          0          0          0   rtexit.o
        10          0          0          0          0          0   rtexit2.o
        44          8          0          0          0         84   scanf_char.o
      1188         12          0          0          0        148   scanf_fp.o
       800         14          0          0          0        100   scanf_hexfp.o
       308         16          0          0          0        100   scanf_infnan.o
       128          0          0          0          0         68   strcmpv7m.o
        62          0          0          0          0         76   strlen.o
       150          0          0          0          0         80   strncmp.o
        36          0          0          0          0         80   strstr.o
       164         14          0          0          0        120   strtod.o
        12          4          0          0          0         68   sys_exit.o
        74          0          0          0          0         80   sys_stackheap_outer.o
        14          0          0          0          0         76   sys_wrch.o
        26          0          0          0          0         76   tolower.o
         2          0          0          0          0         68   use_no_semi.o
        36          4          0          0          0         76   vsprintf.o
        98          4          0          0          0         92   d2f.o
        16          4          0          0          0         68   dcheck1.o
        24          0          0          0          0         68   dcmpi.o
       120          4          0          0          0         92   deqf.o
        94          4          0          0          0         92   dfix.o
       120          4          0          0          0         92   dleqf.o
       156          4          0          0          0         92   dnaninf.o
       108          0          0          0          0         80   drleqf.o
         0          0          8          0          0          0   fpconst.o
        10          0          0          0          0         68   fretinf.o
         4          0          0          0          0         68   printf1.o
         4          0          0          0          0         68   printf2.o
       100          0          0          0          0         68   retnan.o
        92          0          0          0          0         68   scalbn.o
         4          0          0          0          0         68   scanf1.o
         8          0          0          0          0         84   scanf2.o
        48          0          0          0          0         68   trapv.o
         0          0          0          0          0          0   usenofp.o
        30          6          0          0          0        136   dunder.o
        40          0          0          0          0         68   fpclassify.o
        88          8          0          0          0         76   frexp.o
       138          0          0          0          0        160   ldexp.o
       152          4          0          0          0        168   narrow.o
        28          0          0          0          0         80   strtod.o

    ----------------------------------------------------------------------
     14018        470        562          0        100       9488   Library Totals
        16          2          3          0          4          0   (incl. Padding)

    ----------------------------------------------------------------------

      Code (inc. data)   RO Data    RW Data    ZI Data      Debug   Library Name

     12520        426        551          0         96       7564   c_w.l
      1006         24          8          0          0       1236   fz_ws.l
       476         18          0          0          0        688   m_ws.l

    ----------------------------------------------------------------------
     14018        470        562          0        100       9488   Library Totals

    ----------------------------------------------------------------------

==============================================================================


      Code (inc. data)   RO Data    RW Data    ZI Data      Debug   

     23426       2824        962         60       7908     325670   Grand Totals
     23426       2824        962         60       7908     325670   ELF Image Totals
     23426       2824        962         60          0          0   ROM Totals

==============================================================================

    Total RO  Size (Code + RO Data)                24388 (  23.82kB)
    Total RW  Size (RW Data + ZI Data)              7968 (   7.78kB)
    Total ROM Size (Code + RO Data + RW Data)      24448 (  23.88kB)

==============================================================================

